Archive member included to satisfy reference by file (symbol)

e:/armchain/10 2021.07/bin/../lib/gcc/arm-none-eabi/10.3.1/../../../../arm-none-eabi/lib/thumb/v7-m/nofp\libc_nano.a(lib_a-exit.o)
                              e:/armchain/10 2021.07/bin/../lib/gcc/arm-none-eabi/10.3.1/../../../../arm-none-eabi/lib/thumb/v7-m/nofp/crt0.o (exit)
e:/armchain/10 2021.07/bin/../lib/gcc/arm-none-eabi/10.3.1/../../../../arm-none-eabi/lib/thumb/v7-m/nofp\libc_nano.a(lib_a-impure.o)
                              e:/armchain/10 2021.07/bin/../lib/gcc/arm-none-eabi/10.3.1/../../../../arm-none-eabi/lib/thumb/v7-m/nofp\libc_nano.a(lib_a-exit.o) (_global_impure_ptr)
e:/armchain/10 2021.07/bin/../lib/gcc/arm-none-eabi/10.3.1/../../../../arm-none-eabi/lib/thumb/v7-m/nofp\libc_nano.a(lib_a-init.o)
                              e:/armchain/10 2021.07/bin/../lib/gcc/arm-none-eabi/10.3.1/../../../../arm-none-eabi/lib/thumb/v7-m/nofp/crt0.o (__libc_init_array)
e:/armchain/10 2021.07/bin/../lib/gcc/arm-none-eabi/10.3.1/../../../../arm-none-eabi/lib/thumb/v7-m/nofp\libc_nano.a(lib_a-memcpy-stub.o)
                              build/queue.o (memcpy)
e:/armchain/10 2021.07/bin/../lib/gcc/arm-none-eabi/10.3.1/../../../../arm-none-eabi/lib/thumb/v7-m/nofp\libc_nano.a(lib_a-memset.o)
                              e:/armchain/10 2021.07/bin/../lib/gcc/arm-none-eabi/10.3.1/../../../../arm-none-eabi/lib/thumb/v7-m/nofp/crt0.o (memset)
e:/armchain/10 2021.07/bin/../lib/gcc/arm-none-eabi/10.3.1/../../../../arm-none-eabi/lib/thumb/v7-m/nofp\libc_nano.a(lib_a-printf.o)
                              build/main.o (printf)
e:/armchain/10 2021.07/bin/../lib/gcc/arm-none-eabi/10.3.1/../../../../arm-none-eabi/lib/thumb/v7-m/nofp\libc_nano.a(lib_a-findfp.o)
                              e:/armchain/10 2021.07/bin/../lib/gcc/arm-none-eabi/10.3.1/../../../../arm-none-eabi/lib/thumb/v7-m/nofp\libc_nano.a(lib_a-printf.o) (__sinit)
e:/armchain/10 2021.07/bin/../lib/gcc/arm-none-eabi/10.3.1/../../../../arm-none-eabi/lib/thumb/v7-m/nofp\libc_nano.a(lib_a-fwalk.o)
                              e:/armchain/10 2021.07/bin/../lib/gcc/arm-none-eabi/10.3.1/../../../../arm-none-eabi/lib/thumb/v7-m/nofp\libc_nano.a(lib_a-findfp.o) (_fwalk)
e:/armchain/10 2021.07/bin/../lib/gcc/arm-none-eabi/10.3.1/../../../../arm-none-eabi/lib/thumb/v7-m/nofp\libc_nano.a(lib_a-lock.o)
                              e:/armchain/10 2021.07/bin/../lib/gcc/arm-none-eabi/10.3.1/../../../../arm-none-eabi/lib/thumb/v7-m/nofp\libc_nano.a(lib_a-findfp.o) (__retarget_lock_init_recursive)
e:/armchain/10 2021.07/bin/../lib/gcc/arm-none-eabi/10.3.1/../../../../arm-none-eabi/lib/thumb/v7-m/nofp\libc_nano.a(lib_a-nano-mallocr.o)
                              e:/armchain/10 2021.07/bin/../lib/gcc/arm-none-eabi/10.3.1/../../../../arm-none-eabi/lib/thumb/v7-m/nofp\libc_nano.a(lib_a-findfp.o) (_malloc_r)
e:/armchain/10 2021.07/bin/../lib/gcc/arm-none-eabi/10.3.1/../../../../arm-none-eabi/lib/thumb/v7-m/nofp\libc_nano.a(lib_a-nano-vfprintf.o)
                              e:/armchain/10 2021.07/bin/../lib/gcc/arm-none-eabi/10.3.1/../../../../arm-none-eabi/lib/thumb/v7-m/nofp\libc_nano.a(lib_a-printf.o) (_vfprintf_r)
e:/armchain/10 2021.07/bin/../lib/gcc/arm-none-eabi/10.3.1/../../../../arm-none-eabi/lib/thumb/v7-m/nofp\libc_nano.a(lib_a-nano-vfprintf_i.o)
                              e:/armchain/10 2021.07/bin/../lib/gcc/arm-none-eabi/10.3.1/../../../../arm-none-eabi/lib/thumb/v7-m/nofp\libc_nano.a(lib_a-nano-vfprintf.o) (_printf_i)
e:/armchain/10 2021.07/bin/../lib/gcc/arm-none-eabi/10.3.1/../../../../arm-none-eabi/lib/thumb/v7-m/nofp\libc_nano.a(lib_a-sbrkr.o)
                              e:/armchain/10 2021.07/bin/../lib/gcc/arm-none-eabi/10.3.1/../../../../arm-none-eabi/lib/thumb/v7-m/nofp\libc_nano.a(lib_a-nano-mallocr.o) (_sbrk_r)
e:/armchain/10 2021.07/bin/../lib/gcc/arm-none-eabi/10.3.1/../../../../arm-none-eabi/lib/thumb/v7-m/nofp\libc_nano.a(lib_a-stdio.o)
                              e:/armchain/10 2021.07/bin/../lib/gcc/arm-none-eabi/10.3.1/../../../../arm-none-eabi/lib/thumb/v7-m/nofp\libc_nano.a(lib_a-findfp.o) (__sread)
e:/armchain/10 2021.07/bin/../lib/gcc/arm-none-eabi/10.3.1/../../../../arm-none-eabi/lib/thumb/v7-m/nofp\libc_nano.a(lib_a-wbuf.o)
                              e:/armchain/10 2021.07/bin/../lib/gcc/arm-none-eabi/10.3.1/../../../../arm-none-eabi/lib/thumb/v7-m/nofp\libc_nano.a(lib_a-nano-vfprintf.o) (__swbuf_r)
e:/armchain/10 2021.07/bin/../lib/gcc/arm-none-eabi/10.3.1/../../../../arm-none-eabi/lib/thumb/v7-m/nofp\libc_nano.a(lib_a-writer.o)
                              e:/armchain/10 2021.07/bin/../lib/gcc/arm-none-eabi/10.3.1/../../../../arm-none-eabi/lib/thumb/v7-m/nofp\libc_nano.a(lib_a-stdio.o) (_write_r)
e:/armchain/10 2021.07/bin/../lib/gcc/arm-none-eabi/10.3.1/../../../../arm-none-eabi/lib/thumb/v7-m/nofp\libc_nano.a(lib_a-wsetup.o)
[...]
Memory Configuration

Name             Origin             Length             Attributes
RAM              0x20000000         0x00010000         xrw
FLASH            0x08000000         0x00080000         xr
*default*        0x00000000         0xffffffff

Linker script and memory map

LOAD e:/armchain/10 2021.07/bin/../lib/gcc/arm-none-eabi/10.3.1/thumb/v7-m/nofp/crti.o
LOAD e:/armchain/10 2021.07/bin/../lib/gcc/arm-none-eabi/10.3.1/thumb/v7-m/nofp/crtbegin.o
LOAD e:/armchain/10 2021.07/bin/../lib/gcc/arm-none-eabi/10.3.1/../../../../arm-none-eabi/lib/thumb/v7-m/nofp/crt0.o
LOAD build/main.o
LOAD build/gpio.o
LOAD build/freertos.o
LOAD build/dma.o
LOAD build/tim.o
LOAD build/usart.o
LOAD build/stm32f1xx_it.o
LOAD build/stm32f1xx_hal_msp.o
LOAD build/stm32f1xx_hal_timebase_tim.o
LOAD build/stm32f1xx_hal_gpio_ex.o
LOAD build/stm32f1xx_hal.o
LOAD build/stm32f1xx_hal_rcc.o
LOAD build/stm32f1xx_hal_rcc_ex.o
LOAD build/stm32f1xx_hal_gpio.o
LOAD build/stm32f1xx_hal_dma.o
LOAD build/stm32f1xx_hal_cortex.o
LOAD build/stm32f1xx_hal_pwr.o
LOAD build/stm32f1xx_hal_flash.o
LOAD build/stm32f1xx_hal_flash_ex.o
LOAD build/stm32f1xx_hal_exti.o
LOAD build/stm32f1xx_hal_tim.o
LOAD build/stm32f1xx_hal_tim_ex.o
LOAD build/stm32f1xx_hal_uart.o
LOAD build/system_stm32f1xx.o
LOAD build/croutine.o
LOAD build/event_groups.o
LOAD build/list.o
LOAD build/queue.o
LOAD build/stream_buffer.o
LOAD build/tasks.o
LOAD build/timers.o
LOAD build/cmsis_os.o
LOAD build/heap_4.o
LOAD build/port.o
LOAD build/startup_stm32f103xe.o
LOAD e:/armchain/10 2021.07/bin/../lib/gcc/arm-none-eabi/10.3.1/../../../../arm-none-eabi/lib/thumb/v7-m/nofp\libc_nano.a
LOAD e:/armchain/10 2021.07/bin/../lib/gcc/arm-none-eabi/10.3.1/../../../../arm-none-eabi/lib/thumb/v7-m/nofp\libm.a
LOAD e:/armchain/10 2021.07/bin/../lib/gcc/arm-none-eabi/10.3.1/../../../../arm-none-eabi/lib/thumb/v7-m/nofp\libnosys.a
START GROUP
LOAD e:/armchain/10 2021.07/bin/../lib/gcc/arm-none-eabi/10.3.1/thumb/v7-m/nofp\libgcc.a
LOAD e:/armchain/10 2021.07/bin/../lib/gcc/arm-none-eabi/10.3.1/../../../../arm-none-eabi/lib/thumb/v7-m/nofp\libc_nano.a
END GROUP
START GROUP
LOAD e:/armchain/10 2021.07/bin/../lib/gcc/arm-none-eabi/10.3.1/thumb/v7-m/nofp\libgcc.a
LOAD e:/armchain/10 2021.07/bin/../lib/gcc/arm-none-eabi/10.3.1/../../../../arm-none-eabi/lib/thumb/v7-m/nofp\libc_nano.a
END GROUP
LOAD e:/armchain/10 2021.07/bin/../lib/gcc/arm-none-eabi/10.3.1/thumb/v7-m/nofp/crtend.o
LOAD e:/armchain/10 2021.07/bin/../lib/gcc/arm-none-eabi/10.3.1/thumb/v7-m/nofp/crtn.o
                0x20010000                _estack = 0x20010000
                0x00000200                _Min_Heap_Size = 0x200
                0x00000400                _Min_Stack_Size = 0x400

.isr_vector     0x08000000      0x1e4
                0x08000000                . = ALIGN (0x4)
 *(.isr_vector)
 .isr_vector    0x08000000      0x1e4 build/startup_stm32f103xe.o
                0x08000000                g_pfnVectors
                0x080001e4                . = ALIGN (0x4)

.text           0x080001f0     0x6230
                0x080001f0                . = ALIGN (0x4)
 *(.text)
 .text          0x080001f0       0x40 e:/armchain/10 2021.07/bin/../lib/gcc/arm-none-eabi/10.3.1/thumb/v7-m/nofp/crtbegin.o
 .text          0x08000230      0x168 e:/armchain/10 2021.07/bin/../lib/gcc/arm-none-eabi/10.3.1/thumb/v7-m/nofp\libgcc.a(_arm_mulsf3.o)
                0x08000230                __aeabi_fmul
                0x08000230                __mulsf3
 .text          0x08000398      0x21c e:/armchain/10 2021.07/bin/../lib/gcc/arm-none-eabi/10.3.1/thumb/v7-m/nofp\libgcc.a(_arm_addsubsf3.o)
                0x08000398                __aeabi_frsub
                0x080003a0                __subsf3
                0x080003a0                __aeabi_fsub
                0x080003a4                __aeabi_fadd
                0x080003a4                __addsf3
                0x08000504                __aeabi_ui2f
                0x08000504                __floatunsisf
                0x0800050c                __aeabi_i2f
                0x0800050c                __floatsisf
                0x08000528                __aeabi_ul2f
                0x08000528                __floatundisf
                0x08000538                __aeabi_l2f
                0x08000538                __floatdisf
 .text          0x080005b4       0xec e:/armchain/10 2021.07/bin/../lib/gcc/arm-none-eabi/10.3.1/thumb/v7-m/nofp\libgcc.a(_arm_cmpsf2.o)
                0x080005b4                __gesf2
                0x080005b4                __gtsf2
                0x080005bc                __lesf2
                0x080005bc                __ltsf2
                0x080005c4                __nesf2
                0x080005c4                __eqsf2
                0x080005c4                __cmpsf2
                0x08000624                __aeabi_cfrcmple
                0x0800062c                __aeabi_cfcmpeq
                0x0800062c                __aeabi_cfcmple
                0x0800063c                __aeabi_fcmpeq
                0x08000650                __aeabi_fcmplt
                0x08000664                __aeabi_fcmple
                0x08000678                __aeabi_fcmpge
                0x0800068c                __aeabi_fcmpgt
 .text          0x080006a0       0x40 e:/armchain/10 2021.07/bin/../lib/gcc/arm-none-eabi/10.3.1/thumb/v7-m/nofp\libgcc.a(_arm_fixunssfsi.o)
                0x080006a0                __fixunssfsi
                0x080006a0                __aeabi_f2uiz
 *(.text*)
 .text.HAL_UARTEx_RxEventCallback
                0x080006e0      0x124 build/main.o
                0x080006e0                HAL_UARTEx_RxEventCallback
 .text.SystemClock_Config
                0x08000804       0x54 build/main.o
                0x08000804                SystemClock_Config
 .text.main     0x08000858       0xb0 build/main.o
                0x08000858                main
 .text.HAL_TIM_PeriodElapsedCallback
                0x08000908       0x18 build/main.o
                0x08000908                HAL_TIM_PeriodElapsedCallback
 .text.Error_Handler
                0x08000920        0x2 build/main.o
                0x08000920                Error_Handler
 *fill*         0x08000922        0x2 
 .text.MX_GPIO_Init
                0x08000924       0xb4 build/gpio.o
                0x08000924                MX_GPIO_Init
 .text.vTaskMSGS
                0x080009d8       0x3c build/freertos.o
                0x080009d8                vTaskMSGS
 .text.vTaskIMU
                0x08000a14       0x74 build/freertos.o
                0x08000a14                vTaskIMU
 .text.vTaskGOLD
                0x08000a88       0x10 build/freertos.o
                0x08000a88                vTaskGOLD
 .text.vTaskSTART
                0x08000a98       0x10 build/freertos.o
                0x08000a98                vTaskSTART
 .text.pid_init
                0x08000aa8       0x40 build/freertos.o
                0x08000aa8                pid_init
 .text.pid      0x08000ae8       0x6c build/freertos.o
                0x08000ae8                pid
 .text.vTaskPID
                0x08000b54      0x154 build/freertos.o
                0x08000b54                vTaskPID
 .text.MX_FREERTOS_Init
                0x08000ca8      0x130 build/freertos.o
                0x08000ca8                MX_FREERTOS_Init
 .text.MX_DMA_Init
                0x08000dd8       0x54 build/dma.o
                0x08000dd8                MX_DMA_Init
 .text.MX_TIM2_Init
                0x08000e2c       0x64 build/tim.o
                0x08000e2c                MX_TIM2_Init
 .text.MX_TIM3_Init
                0x08000e90       0x64 build/tim.o
                0x08000e90                MX_TIM3_Init
 .text.MX_TIM4_Init
                0x08000ef4       0x64 build/tim.o
                0x08000ef4                MX_TIM4_Init
 .text.MX_TIM5_Init
                0x08000f58       0x64 build/tim.o
                0x08000f58                MX_TIM5_Init
 .text.HAL_TIM_PWM_MspInit
                0x08000fbc       0x2c build/tim.o
                0x08000fbc                HAL_TIM_PWM_MspInit
 .text.HAL_TIM_Encoder_MspInit
                0x08000fe8      0x168 build/tim.o
                0x08000fe8                HAL_TIM_Encoder_MspInit
 .text.HAL_TIM_MspPostInit
                0x08001150       0x64 build/tim.o
                0x08001150                HAL_TIM_MspPostInit
 .text.MX_TIM1_Init
                0x080011b4       0xec build/tim.o
                0x080011b4                MX_TIM1_Init
 .text.MX_USART1_UART_Init
                0x080012a0       0x34 build/usart.o
                0x080012a0                MX_USART1_UART_Init
 .text.MX_USART2_UART_Init
                0x080012d4       0x34 build/usart.o
                0x080012d4                MX_USART2_UART_Init
 .text.MX_USART3_UART_Init
                0x08001308       0x34 build/usart.o
                0x08001308                MX_USART3_UART_Init
 .text.HAL_UART_MspInit
                0x0800133c      0x1fc build/usart.o
                0x0800133c                HAL_UART_MspInit
 .text.NMI_Handler
                0x08001538        0x2 build/stm32f1xx_it.o
                0x08001538                NMI_Handler
 .text.HardFault_Handler
                0x0800153a        0x2 build/stm32f1xx_it.o
                0x0800153a                HardFault_Handler
 .text.MemManage_Handler
                0x0800153c        0x2 build/stm32f1xx_it.o
                0x0800153c                MemManage_Handler
 .text.BusFault_Handler
                0x0800153e        0x2 build/stm32f1xx_it.o
                0x0800153e                BusFault_Handler
 .text.UsageFault_Handler
                0x08001540        0x2 build/stm32f1xx_it.o
                0x08001540                UsageFault_Handler
 .text.DebugMon_Handler
                0x08001542        0x2 build/stm32f1xx_it.o
                0x08001542                DebugMon_Handler
 .text.DMA1_Channel3_IRQHandler
                0x08001544       0x10 build/stm32f1xx_it.o
                0x08001544                DMA1_Channel3_IRQHandler
 .text.DMA1_Channel5_IRQHandler
                0x08001554       0x10 build/stm32f1xx_it.o
                0x08001554                DMA1_Channel5_IRQHandler
 .text.DMA1_Channel6_IRQHandler
                0x08001564       0x10 build/stm32f1xx_it.o
                0x08001564                DMA1_Channel6_IRQHandler
 .text.USART1_IRQHandler
                0x08001574       0x10 build/stm32f1xx_it.o
                0x08001574                USART1_IRQHandler
 .text.USART2_IRQHandler
                0x08001584       0x10 build/stm32f1xx_it.o
                0x08001584                USART2_IRQHandler
 .text.USART3_IRQHandler
                0x08001594       0x10 build/stm32f1xx_it.o
                0x08001594                USART3_IRQHandler
 .text.TIM8_UP_IRQHandler
                0x080015a4       0x10 build/stm32f1xx_it.o
                0x080015a4                TIM8_UP_IRQHandler
 .text.HAL_MspInit
                0x080015b4       0x44 build/stm32f1xx_hal_msp.o
                0x080015b4                HAL_MspInit
 .text.HAL_InitTick
                0x080015f8       0x78 build/stm32f1xx_hal_timebase_tim.o
                0x080015f8                HAL_InitTick
 .text.HAL_Init
                0x08001670       0x24 build/stm32f1xx_hal.o
                0x08001670                HAL_Init
 .text.HAL_IncTick
                0x08001694       0x18 build/stm32f1xx_hal.o
                0x08001694                HAL_IncTick
 .text.HAL_GetTick
                0x080016ac        0xc build/stm32f1xx_hal.o
                0x080016ac                HAL_GetTick
 .text.RCC_Delay
                0x080016b8       0x2c build/stm32f1xx_hal_rcc.o
 .text.HAL_RCC_OscConfig
                0x080016e4      0x410 build/stm32f1xx_hal_rcc.o
                0x080016e4                HAL_RCC_OscConfig
 .text.HAL_RCC_GetSysClockFreq
                0x08001af4       0x70 build/stm32f1xx_hal_rcc.o
                0x08001af4                HAL_RCC_GetSysClockFreq
 .text.HAL_RCC_ClockConfig
                0x08001b64      0x16c build/stm32f1xx_hal_rcc.o
                0x08001b64                HAL_RCC_ClockConfig
 .text.HAL_RCC_GetHCLKFreq
                0x08001cd0        0xc build/stm32f1xx_hal_rcc.o
                0x08001cd0                HAL_RCC_GetHCLKFreq
 .text.HAL_RCC_GetPCLK1Freq
                0x08001cdc       0x20 build/stm32f1xx_hal_rcc.o
                0x08001cdc                HAL_RCC_GetPCLK1Freq
 .text.HAL_RCC_GetPCLK2Freq
                0x08001cfc       0x20 build/stm32f1xx_hal_rcc.o
                0x08001cfc                HAL_RCC_GetPCLK2Freq
 .text.HAL_RCC_GetClockConfig
                0x08001d1c       0x3c build/stm32f1xx_hal_rcc.o
                0x08001d1c                HAL_RCC_GetClockConfig
 .text.HAL_GPIO_Init
                0x08001d58      0x240 build/stm32f1xx_hal_gpio.o
                0x08001d58                HAL_GPIO_Init
 .text.HAL_GPIO_WritePin
                0x08001f98        0xc build/stm32f1xx_hal_gpio.o
                0x08001f98                HAL_GPIO_WritePin
 .text.DMA_SetConfig
                0x08001fa4       0x2c build/stm32f1xx_hal_dma.o
 .text.HAL_DMA_Init
                0x08001fd0       0x98 build/stm32f1xx_hal_dma.o
                0x08001fd0                HAL_DMA_Init
 .text.HAL_DMA_Start_IT
                0x08002068       0x74 build/stm32f1xx_hal_dma.o
                0x08002068                HAL_DMA_Start_IT
 .text.HAL_DMA_Abort
                0x080020dc       0x44 build/stm32f1xx_hal_dma.o
                0x080020dc                HAL_DMA_Abort
 .text.HAL_DMA_Abort_IT
                0x08002120      0x168 build/stm32f1xx_hal_dma.o
                0x08002120                HAL_DMA_Abort_IT
 .text.HAL_DMA_IRQHandler
                0x08002288      0x2ec build/stm32f1xx_hal_dma.o
                0x08002288                HAL_DMA_IRQHandler
 .text.HAL_NVIC_SetPriorityGrouping
                0x08002574       0x24 build/stm32f1xx_hal_cortex.o
                0x08002574                HAL_NVIC_SetPriorityGrouping
 .text.HAL_NVIC_SetPriority
                0x08002598       0x70 build/stm32f1xx_hal_cortex.o
                0x08002598                HAL_NVIC_SetPriority
 .text.HAL_NVIC_EnableIRQ
                0x08002608       0x1c build/stm32f1xx_hal_cortex.o
                0x08002608                HAL_NVIC_EnableIRQ
 .text.TIM_OC1_SetConfig
                0x08002624       0x68 build/stm32f1xx_hal_tim.o
 .text.TIM_OC3_SetConfig
                0x0800268c       0x70 build/stm32f1xx_hal_tim.o
 .text.TIM_OC4_SetConfig
                0x080026fc       0x50 build/stm32f1xx_hal_tim.o
 .text.HAL_TIM_Base_MspInit
                0x0800274c        0x2 build/stm32f1xx_hal_tim.o
                0x0800274c                HAL_TIM_Base_MspInit
 *fill*         0x0800274e        0x2 
 .text.HAL_TIM_Base_Start_IT
                0x08002750       0x78 build/stm32f1xx_hal_tim.o
                0x08002750                HAL_TIM_Base_Start_IT
 .text.HAL_TIM_OC_DelayElapsedCallback
                0x080027c8        0x2 build/stm32f1xx_hal_tim.o
                0x080027c8                HAL_TIM_OC_DelayElapsedCallback
 .text.HAL_TIM_IC_CaptureCallback
                0x080027ca        0x2 build/stm32f1xx_hal_tim.o
                0x080027ca                HAL_TIM_IC_CaptureCallback
 .text.HAL_TIM_PWM_PulseFinishedCallback
                0x080027cc        0x2 build/stm32f1xx_hal_tim.o
                0x080027cc                HAL_TIM_PWM_PulseFinishedCallback
 .text.HAL_TIM_TriggerCallback
                0x080027ce        0x2 build/stm32f1xx_hal_tim.o
                0x080027ce                HAL_TIM_TriggerCallback
 .text.HAL_TIM_IRQHandler
                0x080027d0      0x17a build/stm32f1xx_hal_tim.o
                0x080027d0                HAL_TIM_IRQHandler
 *fill*         0x0800294a        0x2 
 .text.TIM_Base_SetConfig
                0x0800294c       0x98 build/stm32f1xx_hal_tim.o
                0x0800294c                TIM_Base_SetConfig
 .text.HAL_TIM_Base_Init
                0x080029e4       0x58 build/stm32f1xx_hal_tim.o
                0x080029e4                HAL_TIM_Base_Init
 .text.HAL_TIM_PWM_Init
                0x08002a3c       0x58 build/stm32f1xx_hal_tim.o
                0x08002a3c                HAL_TIM_PWM_Init
 .text.HAL_TIM_Encoder_Init
                0x08002a94       0xb8 build/stm32f1xx_hal_tim.o
                0x08002a94                HAL_TIM_Encoder_Init
 .text.TIM_OC2_SetConfig
                0x08002b4c       0x70 build/stm32f1xx_hal_tim.o
                0x08002b4c                TIM_OC2_SetConfig
 .text.HAL_TIM_PWM_ConfigChannel
                0x08002bbc       0xd0 build/stm32f1xx_hal_tim.o
                0x08002bbc                HAL_TIM_PWM_ConfigChannel
 .text.TIM_CCxChannelCmd
                0x08002c8c       0x1e build/stm32f1xx_hal_tim.o
                0x08002c8c                TIM_CCxChannelCmd
 *fill*         0x08002caa        0x2 
 .text.HAL_TIM_PWM_Start
                0x08002cac       0xf4 build/stm32f1xx_hal_tim.o
                0x08002cac                HAL_TIM_PWM_Start
 .text.HAL_TIM_Encoder_Start
                0x08002da0       0xcc build/stm32f1xx_hal_tim.o
                0x08002da0                HAL_TIM_Encoder_Start
 .text.HAL_TIMEx_MasterConfigSynchronization
                0x08002e6c       0x7c build/stm32f1xx_hal_tim_ex.o
                0x08002e6c                HAL_TIMEx_MasterConfigSynchronization
 .text.HAL_TIMEx_ConfigBreakDeadTime
                0x08002ee8       0x52 build/stm32f1xx_hal_tim_ex.o
                0x08002ee8                HAL_TIMEx_ConfigBreakDeadTime
 .text.HAL_TIMEx_CommutCallback
                0x08002f3a        0x2 build/stm32f1xx_hal_tim_ex.o
                0x08002f3a                HAL_TIMEx_CommutCallback
 .text.HAL_TIMEx_BreakCallback
                0x08002f3c        0x2 build/stm32f1xx_hal_tim_ex.o
                0x08002f3c                HAL_TIMEx_BreakCallback
 .text.UART_EndTxTransfer
                0x08002f3e       0x12 build/stm32f1xx_hal_uart.o
 .text.UART_EndRxTransfer
                0x08002f50       0x32 build/stm32f1xx_hal_uart.o
 .text.UART_Transmit_IT
                0x08002f82       0x60 build/stm32f1xx_hal_uart.o
 *fill*         0x08002fe2        0x2 
 .text.UART_SetConfig
                0x08002fe4       0x94 build/stm32f1xx_hal_uart.o
 .text.HAL_UART_Init
                0x08003078       0x5e build/stm32f1xx_hal_uart.o
                0x08003078                HAL_UART_Init
 .text.HAL_UART_TxCpltCallback
                0x080030d6        0x2 build/stm32f1xx_hal_uart.o
                0x080030d6                HAL_UART_TxCpltCallback
 .text.UART_EndTransmit_IT
                0x080030d8       0x1a build/stm32f1xx_hal_uart.o
 .text.HAL_UART_RxCpltCallback
                0x080030f2        0x2 build/stm32f1xx_hal_uart.o
                0x080030f2                HAL_UART_RxCpltCallback
 .text.HAL_UART_RxHalfCpltCallback
                0x080030f4        0x2 build/stm32f1xx_hal_uart.o
                0x080030f4                HAL_UART_RxHalfCpltCallback
 .text.HAL_UART_ErrorCallback
                0x080030f6        0x2 build/stm32f1xx_hal_uart.o
                0x080030f6                HAL_UART_ErrorCallback
 .text.UART_DMAError
                0x080030f8       0x58 build/stm32f1xx_hal_uart.o
 .text.UART_DMAAbortOnError
                0x08003150       0x10 build/stm32f1xx_hal_uart.o
 .text.UART_Receive_IT
                0x08003160       0xd4 build/stm32f1xx_hal_uart.o
 .text.HAL_UART_IRQHandler
                0x08003234      0x204 build/stm32f1xx_hal_uart.o
                0x08003234                HAL_UART_IRQHandler
 .text.UART_DMARxHalfCplt
                0x08003438       0x1a build/stm32f1xx_hal_uart.o
 .text.UART_DMAReceiveCplt
                0x08003452       0x5e build/stm32f1xx_hal_uart.o
 .text.UART_Start_Receive_DMA
                0x080034b0       0x78 build/stm32f1xx_hal_uart.o
                0x080034b0                UART_Start_Receive_DMA
 .text.HAL_UARTEx_ReceiveToIdle_DMA
                0x08003528       0x60 build/stm32f1xx_hal_uart.o
                0x08003528                HAL_UARTEx_ReceiveToIdle_DMA
 .text.SystemInit
                0x08003588        0x2 build/system_stm32f1xx.o
                0x08003588                SystemInit
 .text.prvTestWaitCondition
                0x0800358a       0x1c build/event_groups.o
 .text.xEventGroupCreate
                0x080035a6       0x1a build/event_groups.o
                0x080035a6                xEventGroupCreate
 .text.xEventGroupWaitBits
                0x080035c0      0x108 build/event_groups.o
                0x080035c0                xEventGroupWaitBits
 .text.xEventGroupSetBits
                0x080036c8       0x8c build/event_groups.o
                0x080036c8                xEventGroupSetBits
 .text.vEventGroupSetBitsCallback
                0x08003754        0x8 build/event_groups.o
                0x08003754                vEventGroupSetBitsCallback
 .text.vListInitialise
                0x0800375c       0x16 build/list.o
                0x0800375c                vListInitialise
 .text.vListInitialiseItem
                0x08003772        0x6 build/list.o
                0x08003772                vListInitialiseItem
 .text.vListInsertEnd
                0x08003778       0x16 build/list.o
                0x08003778                vListInsertEnd
 .text.vListInsert
                0x0800378e       0x32 build/list.o
                0x0800378e                vListInsert
 .text.uxListRemove
                0x080037c0       0x26 build/list.o
                0x080037c0                uxListRemove
 .text.prvIsQueueFull
                0x080037e6       0x1e build/queue.o
 .text.prvIsQueueEmpty
                0x08003804       0x1a build/queue.o
 .text.prvCopyDataToQueue
                0x0800381e       0x76 build/queue.o
 .text.prvCopyDataFromQueue
                0x08003894       0x24 build/queue.o
 .text.prvUnlockQueue
                0x080038b8       0x6e build/queue.o
 .text.xQueueGenericReset
                0x08003926       0x84 build/queue.o
                0x08003926                xQueueGenericReset
 .text.prvInitialiseNewQueue
                0x080039aa       0x1c build/queue.o
 .text.xQueueGenericCreate
                0x080039c6       0x48 build/queue.o
                0x080039c6                xQueueGenericCreate
 .text.xQueueGenericSend
                0x08003a0e      0x188 build/queue.o
                0x08003a0e                xQueueGenericSend
 .text.xQueueGenericSendFromISR
                0x08003b96       0xcc build/queue.o
                0x08003b96                xQueueGenericSendFromISR
 .text.xQueueReceive
                0x08003c62      0x15e build/queue.o
                0x08003c62                xQueueReceive
 .text.vQueueAddToRegistry
                0x08003dc0       0x28 build/queue.o
                0x08003dc0                vQueueAddToRegistry
 .text.vQueueWaitForMessageRestricted
                0x08003de8       0x52 build/queue.o
                0x08003de8                vQueueWaitForMessageRestricted
 *fill*         0x08003e3a        0x2 
 .text.prvResetNextTaskUnblockTime
                0x08003e3c       0x2c build/tasks.o
 .text.prvDeleteTCB
                0x08003e68       0x12 build/tasks.o
 .text.prvInitialiseNewTask
                0x08003e7a       0x94 build/tasks.o
 *fill*         0x08003f0e        0x2 
 .text.prvInitialiseTaskLists
                0x08003f10       0x68 build/tasks.o
 .text.prvAddNewTaskToReadyList
                0x08003f78       0xa8 build/tasks.o
 .text.prvCheckTasksWaitingTermination
                0x08004020       0x4c build/tasks.o
 .text.prvIdleTask
                0x0800406c       0x28 build/tasks.o
 .text.prvAddCurrentTaskToDelayedList
                0x08004094       0x98 build/tasks.o
 .text.xTaskCreate
                0x0800412c       0x64 build/tasks.o
                0x0800412c                xTaskCreate
 .text.vTaskDelete
                0x08004190       0xe0 build/tasks.o
                0x08004190                vTaskDelete
 .text.vTaskStartScheduler
                0x08004270       0x84 build/tasks.o
                0x08004270                vTaskStartScheduler
 .text.vTaskSuspendAll
                0x080042f4       0x10 build/tasks.o
                0x080042f4                vTaskSuspendAll
 .text.xTaskGetTickCount
                0x08004304        0xc build/tasks.o
                0x08004304                xTaskGetTickCount
 .text.xTaskIncrementTick
                0x08004310      0x118 build/tasks.o
                0x08004310                xTaskIncrementTick
 .text.xTaskResumeAll
                0x08004428       0xf8 build/tasks.o
                0x08004428                xTaskResumeAll
 .text.vTaskDelayUntil
                0x08004520       0xa4 build/tasks.o
                0x08004520                vTaskDelayUntil
 .text.vTaskDelay
                0x080045c4       0x4c build/tasks.o
                0x080045c4                vTaskDelay
 .text.vTaskSwitchContext
                0x08004610       0x98 build/tasks.o
                0x08004610                vTaskSwitchContext
 .text.vTaskPlaceOnEventList
                0x080046a8       0x30 build/tasks.o
                0x080046a8                vTaskPlaceOnEventList
 .text.vTaskPlaceOnUnorderedEventList
                0x080046d8       0x58 build/tasks.o
                0x080046d8                vTaskPlaceOnUnorderedEventList
 .text.vTaskPlaceOnEventListRestricted
                0x08004730       0x38 build/tasks.o
                0x08004730                vTaskPlaceOnEventListRestricted
 .text.xTaskRemoveFromEventList
                0x08004768       0x8c build/tasks.o
                0x08004768                xTaskRemoveFromEventList
 .text.vTaskRemoveFromUnorderedEventList
                0x080047f4       0x88 build/tasks.o
                0x080047f4                vTaskRemoveFromUnorderedEventList
 .text.vTaskInternalSetTimeOutState
                0x0800487c       0x18 build/tasks.o
                0x0800487c                vTaskInternalSetTimeOutState
 .text.xTaskCheckForTimeOut
                0x08004894       0x84 build/tasks.o
                0x08004894                xTaskCheckForTimeOut
 .text.vTaskMissedYield
                0x08004918        0xc build/tasks.o
                0x08004918                vTaskMissedYield
 .text.xTaskGetSchedulerState
                0x08004924       0x20 build/tasks.o
                0x08004924                xTaskGetSchedulerState
 .text.xTaskPriorityDisinherit
                0x08004944       0xb4 build/tasks.o
                0x08004944                xTaskPriorityDisinherit
 .text.uxTaskResetEventItemValue
                0x080049f8       0x18 build/tasks.o
                0x080049f8                uxTaskResetEventItemValue
 .text.prvGetNextExpireTime
                0x08004a10       0x20 build/timers.o
 .text.prvInsertTimerInActiveList
                0x08004a30       0x48 build/timers.o
 .text.prvCheckForValidListAndQueue
                0x08004a78       0x5c build/timers.o
 .text.xTimerCreateTimerTask
                0x08004ad4       0x50 build/timers.o
                0x08004ad4                xTimerCreateTimerTask
 .text.xTimerGenericCommand
                0x08004b24       0x6c build/timers.o
                0x08004b24                xTimerGenericCommand
 .text.prvSwitchTimerLists
                0x08004b90       0x78 build/timers.o
 .text.prvSampleTimeNow
                0x08004c08       0x2c build/timers.o
 .text.prvProcessExpiredTimer
                0x08004c34       0x60 build/timers.o
 .text.prvProcessTimerOrBlockTask
                0x08004c94       0x74 build/timers.o
 .text.prvProcessReceivedCommands
                0x08004d08       0xf0 build/timers.o
 .text.prvTimerTask
                0x08004df8       0x16 build/timers.o
 *fill*         0x08004e0e        0x2 
 .text.xTimerPendFunctionCallFromISR
                0x08004e10       0x28 build/timers.o
                0x08004e10                xTimerPendFunctionCallFromISR
 .text.makeFreeRtosPriority
                0x08004e38        0xc build/cmsis_os.o
 .text.osKernelStart
                0x08004e44        0xa build/cmsis_os.o
                0x08004e44                osKernelStart
 .text.osThreadCreate
                0x08004e4e       0x34 build/cmsis_os.o
                0x08004e4e                osThreadCreate
 .text.osDelay  0x08004e82        0xe build/cmsis_os.o
                0x08004e82                osDelay
 .text.osDelayUntil
                0x08004e90        0xe build/cmsis_os.o
                0x08004e90                osDelayUntil
 *fill*         0x08004e9e        0x2 
 .text.prvHeapInit
                0x08004ea0       0x68 build/heap_4.o
 .text.prvInsertBlockIntoFreeList
                0x08004f08       0x60 build/heap_4.o
 .text.pvPortMalloc
                0x08004f68       0xf0 build/heap_4.o
                0x08004f68                pvPortMalloc
 .text.vPortFree
                0x08005058       0x70 build/heap_4.o
                0x08005058                vPortFree
 .text.prvTaskExitError
                0x080050c8       0x40 build/port.o
 .text.prvPortStartFirstTask
                0x08005108       0x20 build/port.o
 .text.pxPortInitialiseStack
                0x08005128       0x24 build/port.o
                0x08005128                pxPortInitialiseStack
 *fill*         0x0800514c        0x4 
 .text.SVC_Handler
                0x08005150       0x24 build/port.o
                0x08005150                SVC_Handler
 .text.vPortEnterCritical
                0x08005174       0x44 build/port.o
                0x08005174                vPortEnterCritical
 .text.vPortExitCritical
                0x080051b8       0x2c build/port.o
                0x080051b8                vPortExitCritical
 *fill*         0x080051e4        0xc 
 .text.PendSV_Handler
                0x080051f0       0x44 build/port.o
                0x080051f0                PendSV_Handler
 .text.SysTick_Handler
                0x08005234       0x2c build/port.o
                0x08005234                SysTick_Handler
 .text.vPortSetupTimerInterrupt
                0x08005260       0x28 build/port.o
                0x08005260                vPortSetupTimerInterrupt
 .text.xPortStartScheduler
                0x08005288       0xc0 build/port.o
                0x08005288                xPortStartScheduler
 .text.vPortValidateInterruptPriority
                0x08005348       0x5c build/port.o
                0x08005348                vPortValidateInterruptPriority
 .text.Reset_Handler
                0x080053a4       0x48 build/startup_stm32f103xe.o
                0x080053a4                Reset_Handler
 .text.Default_Handler
                0x080053ec        0x2 build/startup_stm32f103xe.o
                0x080053ec                RTC_Alarm_IRQHandler
                0x080053ec                EXTI2_IRQHandler
                0x080053ec                TIM8_TRG_COM_IRQHandler
                0x080053ec                TIM8_CC_IRQHandler
                0x080053ec                TIM1_CC_IRQHandler
                0x080053ec                TIM6_IRQHandler
                0x080053ec                PVD_IRQHandler
                0x080053ec                SDIO_IRQHandler
                0x080053ec                EXTI3_IRQHandler
                0x080053ec                EXTI0_IRQHandler
                0x080053ec                I2C2_EV_IRQHandler
                0x080053ec                ADC1_2_IRQHandler
                0x080053ec                SPI1_IRQHandler
                0x080053ec                TAMPER_IRQHandler
                0x080053ec                DMA2_Channel2_IRQHandler
                0x080053ec                DMA1_Channel4_IRQHandler
                0x080053ec                RTC_IRQHandler
                0x080053ec                DMA1_Channel7_IRQHandler
                0x080053ec                CAN1_RX1_IRQHandler
                0x080053ec                UART5_IRQHandler
                0x080053ec                ADC3_IRQHandler
                0x080053ec                TIM4_IRQHandler
                0x080053ec                DMA2_Channel1_IRQHandler
                0x080053ec                I2C1_EV_IRQHandler
                0x080053ec                UART4_IRQHandler
                0x080053ec                TIM3_IRQHandler
                0x080053ec                RCC_IRQHandler
                0x080053ec                TIM1_TRG_COM_IRQHandler
                0x080053ec                DMA1_Channel1_IRQHandler
                0x080053ec                Default_Handler
                0x080053ec                EXTI15_10_IRQHandler
                0x080053ec                TIM7_IRQHandler
                0x080053ec                TIM5_IRQHandler
                0x080053ec                EXTI9_5_IRQHandler
                0x080053ec                SPI2_IRQHandler
                0x080053ec                EXTI4_IRQHandler
                0x080053ec                USB_LP_CAN1_RX0_IRQHandler
                0x080053ec                USB_HP_CAN1_TX_IRQHandler
                0x080053ec                FSMC_IRQHandler
                0x080053ec                TIM1_UP_IRQHandler
                0x080053ec                WWDG_IRQHandler
                0x080053ec                TIM2_IRQHandler
                0x080053ec                TIM1_BRK_IRQHandler
                0x080053ec                EXTI1_IRQHandler
                0x080053ec                DMA2_Channel4_5_IRQHandler
                0x080053ec                I2C2_ER_IRQHandler
                0x080053ec                DMA1_Channel2_IRQHandler
                0x080053ec                TIM8_BRK_IRQHandler
                0x080053ec                CAN1_SCE_IRQHandler
                0x080053ec                FLASH_IRQHandler
                0x080053ec                SPI3_IRQHandler
                0x080053ec                I2C1_ER_IRQHandler
                0x080053ec                USBWakeUp_IRQHandler
                0x080053ec                DMA2_Channel3_IRQHandler
 *fill*         0x080053ee        0x2 
 .text.__libc_init_array
                0x080053f0       0x48 e:/armchain/10 2021.07/bin/../lib/gcc/arm-none-eabi/10.3.1/../../../../arm-none-eabi/lib/thumb/v7-m/nofp\libc_nano.a(lib_a-init.o)
                0x080053f0                __libc_init_array
 .text.memcpy   0x08005438       0x1c e:/armchain/10 2021.07/bin/../lib/gcc/arm-none-eabi/10.3.1/../../../../arm-none-eabi/lib/thumb/v7-m/nofp\libc_nano.a(lib_a-memcpy-stub.o)
                0x08005438                memcpy
 .text.memset   0x08005454       0x10 e:/armchain/10 2021.07/bin/../lib/gcc/arm-none-eabi/10.3.1/../../../../arm-none-eabi/lib/thumb/v7-m/nofp\libc_nano.a(lib_a-memset.o)
                0x08005454                memset
 .text.printf   0x08005464       0x30 e:/armchain/10 2021.07/bin/../lib/gcc/arm-none-eabi/10.3.1/../../../../arm-none-eabi/lib/thumb/v7-m/nofp\libc_nano.a(lib_a-printf.o)
                0x08005464                iprintf
                0x08005464                printf
 .text.std      0x08005494       0x48 e:/armchain/10 2021.07/bin/../lib/gcc/arm-none-eabi/10.3.1/../../../../arm-none-eabi/lib/thumb/v7-m/nofp\libc_nano.a(lib_a-findfp.o)
 .text._cleanup_r
                0x080054dc        0xc e:/armchain/10 2021.07/bin/../lib/gcc/arm-none-eabi/10.3.1/../../../../arm-none-eabi/lib/thumb/v7-m/nofp\libc_nano.a(lib_a-findfp.o)
                0x080054dc                _cleanup_r
 .text.__sfmoreglue
                0x080054e8       0x2c e:/armchain/10 2021.07/bin/../lib/gcc/arm-none-eabi/10.3.1/../../../../arm-none-eabi/lib/thumb/v7-m/nofp\libc_nano.a(lib_a-findfp.o)
                0x080054e8                __sfmoreglue
 .text.__sfp_lock_acquire
                0x08005514        0xc e:/armchain/10 2021.07/bin/../lib/gcc/arm-none-eabi/10.3.1/../../../../arm-none-eabi/lib/thumb/v7-m/nofp\libc_nano.a(lib_a-findfp.o)
                0x08005514                __sfp_lock_acquire
 .text.__sfp_lock_release
                0x08005520        0xc e:/armchain/10 2021.07/bin/../lib/gcc/arm-none-eabi/10.3.1/../../../../arm-none-eabi/lib/thumb/v7-m/nofp\libc_nano.a(lib_a-findfp.o)
                0x08005520                __sfp_lock_release
 .text.__sinit_lock_acquire
                0x0800552c        0xc e:/armchain/10 2021.07/bin/../lib/gcc/arm-none-eabi/10.3.1/../../../../arm-none-eabi/lib/thumb/v7-m/nofp\libc_nano.a(lib_a-findfp.o)
                0x0800552c                __sinit_lock_acquire
 .text.__sinit_lock_release
                0x08005538        0xc e:/armchain/10 2021.07/bin/../lib/gcc/arm-none-eabi/10.3.1/../../../../arm-none-eabi/lib/thumb/v7-m/nofp\libc_nano.a(lib_a-findfp.o)
                0x08005538                __sinit_lock_release
 .text.__sinit  0x08005544       0x70 e:/armchain/10 2021.07/bin/../lib/gcc/arm-none-eabi/10.3.1/../../../../arm-none-eabi/lib/thumb/v7-m/nofp\libc_nano.a(lib_a-findfp.o)
                0x08005544                __sinit
 .text.__sfp    0x080055b4       0x8c e:/armchain/10 2021.07/bin/../lib/gcc/arm-none-eabi/10.3.1/../../../../arm-none-eabi/lib/thumb/v7-m/nofp\libc_nano.a(lib_a-findfp.o)
                0x080055b4                __sfp
 .text._fwalk_reent
                0x08005640       0x3e e:/armchain/10 2021.07/bin/../lib/gcc/arm-none-eabi/10.3.1/../../../../arm-none-eabi/lib/thumb/v7-m/nofp\libc_nano.a(lib_a-fwalk.o)
                0x08005640                _fwalk_reent
 .text.__retarget_lock_init_recursive
                0x0800567e        0x2 e:/armchain/10 2021.07/bin/../lib/gcc/arm-none-eabi/10.3.1/../../../../arm-none-eabi/lib/thumb/v7-m/nofp\libc_nano.a(lib_a-lock.o)
                0x0800567e                __retarget_lock_init_recursive
 .text.__retarget_lock_acquire_recursive
                0x08005680        0x2 e:/armchain/10 2021.07/bin/../lib/gcc/arm-none-eabi/10.3.1/../../../../arm-none-eabi/lib/thumb/v7-m/nofp\libc_nano.a(lib_a-lock.o)
                0x08005680                __retarget_lock_acquire_recursive
 .text.__retarget_lock_release_recursive
                0x08005682        0x2 e:/armchain/10 2021.07/bin/../lib/gcc/arm-none-eabi/10.3.1/../../../../arm-none-eabi/lib/thumb/v7-m/nofp\libc_nano.a(lib_a-lock.o)
                0x08005682                __retarget_lock_release_recursive
 .text.sbrk_aligned
                0x08005684       0x40 e:/armchain/10 2021.07/bin/../lib/gcc/arm-none-eabi/10.3.1/../../../../arm-none-eabi/lib/thumb/v7-m/nofp\libc_nano.a(lib_a-nano-mallocr.o)
 .text._malloc_r
                0x080056c4       0xe8 e:/armchain/10 2021.07/bin/../lib/gcc/arm-none-eabi/10.3.1/../../../../arm-none-eabi/lib/thumb/v7-m/nofp\libc_nano.a(lib_a-nano-mallocr.o)
                0x080056c4                _malloc_r
 .text.__sfputc_r
                0x080057ac       0x2a e:/armchain/10 2021.07/bin/../lib/gcc/arm-none-eabi/10.3.1/../../../../arm-none-eabi/lib/thumb/v7-m/nofp\libc_nano.a(lib_a-nano-vfprintf.o)
 .text.__sfputs_r
                0x080057d6       0x24 e:/armchain/10 2021.07/bin/../lib/gcc/arm-none-eabi/10.3.1/../../../../arm-none-eabi/lib/thumb/v7-m/nofp\libc_nano.a(lib_a-nano-vfprintf.o)
                0x080057d6                __sfputs_r
 *fill*         0x080057fa        0x2 
 .text._vfprintf_r
                0x080057fc      0x260 e:/armchain/10 2021.07/bin/../lib/gcc/arm-none-eabi/10.3.1/../../../../arm-none-eabi/lib/thumb/v7-m/nofp\libc_nano.a(lib_a-nano-vfprintf.o)
                0x080057fc                _vfprintf_r
                0x080057fc                _vfiprintf_r
 .text._printf_common
                0x08005a5c       0xde e:/armchain/10 2021.07/bin/../lib/gcc/arm-none-eabi/10.3.1/../../../../arm-none-eabi/lib/thumb/v7-m/nofp\libc_nano.a(lib_a-nano-vfprintf_i.o)
                0x08005a5c                _printf_common
 *fill*         0x08005b3a        0x2 
 .text._printf_i
                0x08005b3c      0x24c e:/armchain/10 2021.07/bin/../lib/gcc/arm-none-eabi/10.3.1/../../../../arm-none-eabi/lib/thumb/v7-m/nofp\libc_nano.a(lib_a-nano-vfprintf_i.o)
                0x08005b3c                _printf_i
 .text._sbrk_r  0x08005d88       0x20 e:/armchain/10 2021.07/bin/../lib/gcc/arm-none-eabi/10.3.1/../../../../arm-none-eabi/lib/thumb/v7-m/nofp\libc_nano.a(lib_a-sbrkr.o)
                0x08005d88                _sbrk_r
 .text.__sread  0x08005da8       0x22 e:/armchain/10 2021.07/bin/../lib/gcc/arm-none-eabi/10.3.1/../../../../arm-none-eabi/lib/thumb/v7-m/nofp\libc_nano.a(lib_a-stdio.o)
                0x08005da8                __sread
 .text.__swrite
                0x08005dca       0x38 e:/armchain/10 2021.07/bin/../lib/gcc/arm-none-eabi/10.3.1/../../../../arm-none-eabi/lib/thumb/v7-m/nofp\libc_nano.a(lib_a-stdio.o)
                0x08005dca                __swrite
 .text.__sseek  0x08005e02       0x24 e:/armchain/10 2021.07/bin/../lib/gcc/arm-none-eabi/10.3.1/../../../../arm-none-eabi/lib/thumb/v7-m/nofp\libc_nano.a(lib_a-stdio.o)
                0x08005e02                __sseek
 .text.__sclose
                0x08005e26        0x8 e:/armchain/10 2021.07/bin/../lib/gcc/arm-none-eabi/10.3.1/../../../../arm-none-eabi/lib/thumb/v7-m/nofp\libc_nano.a(lib_a-stdio.o)
                0x08005e26                __sclose
 *fill*         0x08005e2e        0x2 
 .text.__swbuf_r
                0x08005e30       0xa4 e:/armchain/10 2021.07/bin/../lib/gcc/arm-none-eabi/10.3.1/../../../../arm-none-eabi/lib/thumb/v7-m/nofp\libc_nano.a(lib_a-wbuf.o)
                0x08005e30                __swbuf_r
 .text._write_r
                0x08005ed4       0x24 e:/armchain/10 2021.07/bin/../lib/gcc/arm-none-eabi/10.3.1/../../../../arm-none-eabi/lib/thumb/v7-m/nofp\libc_nano.a(lib_a-writer.o)
                0x08005ed4                _write_r
 .text.__swsetup_r
                0x08005ef8       0xdc e:/armchain/10 2021.07/bin/../lib/gcc/arm-none-eabi/10.3.1/../../../../arm-none-eabi/lib/thumb/v7-m/nofp\libc_nano.a(lib_a-wsetup.o)
                0x08005ef8                __swsetup_r
 .text._close_r
                0x08005fd4       0x20 e:/armchain/10 2021.07/bin/../lib/gcc/arm-none-eabi/10.3.1/../../../../arm-none-eabi/lib/thumb/v7-m/nofp\libc_nano.a(lib_a-closer.o)
                0x08005fd4                _close_r
 .text.__sflush_r
                0x08005ff4      0x104 e:/armchain/10 2021.07/bin/../lib/gcc/arm-none-eabi/10.3.1/../../../../arm-none-eabi/lib/thumb/v7-m/nofp\libc_nano.a(lib_a-fflush.o)
                0x08005ff4                __sflush_r
 .text._fflush_r
                0x080060f8       0x78 e:/armchain/10 2021.07/bin/../lib/gcc/arm-none-eabi/10.3.1/../../../../arm-none-eabi/lib/thumb/v7-m/nofp\libc_nano.a(lib_a-fflush.o)
                0x080060f8                _fflush_r
 .text._lseek_r
                0x08006170       0x24 e:/armchain/10 2021.07/bin/../lib/gcc/arm-none-eabi/10.3.1/../../../../arm-none-eabi/lib/thumb/v7-m/nofp\libc_nano.a(lib_a-lseekr.o)
                0x08006170                _lseek_r
 .text.__swhatbuf_r
                0x08006194       0x4a e:/armchain/10 2021.07/bin/../lib/gcc/arm-none-eabi/10.3.1/../../../../arm-none-eabi/lib/thumb/v7-m/nofp\libc_nano.a(lib_a-makebuf.o)
                0x08006194                __swhatbuf_r
 *fill*         0x080061de        0x2 
 .text.__smakebuf_r
                0x080061e0       0x80 e:/armchain/10 2021.07/bin/../lib/gcc/arm-none-eabi/10.3.1/../../../../arm-none-eabi/lib/thumb/v7-m/nofp\libc_nano.a(lib_a-makebuf.o)
                0x080061e0                __smakebuf_r
 .text.memchr   0x08006260       0x1c e:/armchain/10 2021.07/bin/../lib/gcc/arm-none-eabi/10.3.1/../../../../arm-none-eabi/lib/thumb/v7-m/nofp\libc_nano.a(lib_a-memchr-stub.o)
                0x08006260                memchr
 .text.__malloc_lock
                0x0800627c        0xc e:/armchain/10 2021.07/bin/../lib/gcc/arm-none-eabi/10.3.1/../../../../arm-none-eabi/lib/thumb/v7-m/nofp\libc_nano.a(lib_a-mlock.o)
                0x0800627c                __malloc_lock
 .text.__malloc_unlock
                0x08006288        0xc e:/armchain/10 2021.07/bin/../lib/gcc/arm-none-eabi/10.3.1/../../../../arm-none-eabi/lib/thumb/v7-m/nofp\libc_nano.a(lib_a-mlock.o)
                0x08006288                __malloc_unlock
 .text._free_r  0x08006294       0x90 e:/armchain/10 2021.07/bin/../lib/gcc/arm-none-eabi/10.3.1/../../../../arm-none-eabi/lib/thumb/v7-m/nofp\libc_nano.a(lib_a-nano-freer.o)
                0x08006294                _free_r
 .text._read_r  0x08006324       0x24 e:/armchain/10 2021.07/bin/../lib/gcc/arm-none-eabi/10.3.1/../../../../arm-none-eabi/lib/thumb/v7-m/nofp\libc_nano.a(lib_a-readr.o)
                0x08006324                _read_r
 .text._fstat_r
                0x08006348       0x24 e:/armchain/10 2021.07/bin/../lib/gcc/arm-none-eabi/10.3.1/../../../../arm-none-eabi/lib/thumb/v7-m/nofp\libc_nano.a(lib_a-fstatr.o)
                0x08006348                _fstat_r
 .text._isatty_r
                0x0800636c       0x20 e:/armchain/10 2021.07/bin/../lib/gcc/arm-none-eabi/10.3.1/../../../../arm-none-eabi/lib/thumb/v7-m/nofp\libc_nano.a(lib_a-isattyr.o)
                0x0800636c                _isatty_r
 .text._close   0x0800638c       0x10 e:/armchain/10 2021.07/bin/../lib/gcc/arm-none-eabi/10.3.1/../../../../arm-none-eabi/lib/thumb/v7-m/nofp\libnosys.a(close.o)
                0x0800638c                _close
 .text._fstat   0x0800639c       0x10 e:/armchain/10 2021.07/bin/../lib/gcc/arm-none-eabi/10.3.1/../../../../arm-none-eabi/lib/thumb/v7-m/nofp\libnosys.a(fstat.o)
                0x0800639c                _fstat
 .text._isatty  0x080063ac       0x10 e:/armchain/10 2021.07/bin/../lib/gcc/arm-none-eabi/10.3.1/../../../../arm-none-eabi/lib/thumb/v7-m/nofp\libnosys.a(isatty.o)
                0x080063ac                _isatty
 .text._lseek   0x080063bc       0x10 e:/armchain/10 2021.07/bin/../lib/gcc/arm-none-eabi/10.3.1/../../../../arm-none-eabi/lib/thumb/v7-m/nofp\libnosys.a(lseek.o)
                0x080063bc                _lseek
 .text._read    0x080063cc       0x10 e:/armchain/10 2021.07/bin/../lib/gcc/arm-none-eabi/10.3.1/../../../../arm-none-eabi/lib/thumb/v7-m/nofp\libnosys.a(read.o)
                0x080063cc                _read
 .text._sbrk    0x080063dc       0x1c e:/armchain/10 2021.07/bin/../lib/gcc/arm-none-eabi/10.3.1/../../../../arm-none-eabi/lib/thumb/v7-m/nofp\libnosys.a(sbrk.o)
                0x080063dc                _sbrk
 .text._write   0x080063f8       0x10 e:/armchain/10 2021.07/bin/../lib/gcc/arm-none-eabi/10.3.1/../../../../arm-none-eabi/lib/thumb/v7-m/nofp\libnosys.a(write.o)
                0x080063f8                _write
 *(.glue_7)
 .glue_7        0x08006408        0x0 linker stubs
 *(.glue_7t)
 .glue_7t       0x08006408        0x0 linker stubs
 *(.eh_frame)
 .eh_frame      0x08006408        0x0 e:/armchain/10 2021.07/bin/../lib/gcc/arm-none-eabi/10.3.1/thumb/v7-m/nofp/crtbegin.o
 *(.init)
 .init          0x08006408        0x4 e:/armchain/10 2021.07/bin/../lib/gcc/arm-none-eabi/10.3.1/thumb/v7-m/nofp/crti.o
                0x08006408                _init
 .init          0x0800640c        0x8 e:/armchain/10 2021.07/bin/../lib/gcc/arm-none-eabi/10.3.1/thumb/v7-m/nofp/crtn.o
 *(.fini)
 .fini          0x08006414        0x4 e:/armchain/10 2021.07/bin/../lib/gcc/arm-none-eabi/10.3.1/thumb/v7-m/nofp/crti.o
                0x08006414                _fini
 .fini          0x08006418        0x8 e:/armchain/10 2021.07/bin/../lib/gcc/arm-none-eabi/10.3.1/thumb/v7-m/nofp/crtn.o
                0x08006420                . = ALIGN (0x4)
                0x08006420                _etext = .

.vfp11_veneer   0x08006420        0x0
 .vfp11_veneer  0x08006420        0x0 linker stubs

.v4_bx          0x08006420        0x0
 .v4_bx         0x08006420        0x0 linker stubs

.iplt           0x08006420        0x0
 .iplt          0x08006420        0x0 e:/armchain/10 2021.07/bin/../lib/gcc/arm-none-eabi/10.3.1/thumb/v7-m/nofp/crtbegin.o

.rodata         0x08006420      0x198
                0x08006420                . = ALIGN (0x4)
 *(.rodata)
 .rodata        0x08006420       0x64 build/freertos.o
 *(.rodata*)
 .rodata.HAL_UARTEx_RxEventCallback.str1.4
                0x08006484       0x15 build/main.o
 *fill*         0x08006499        0x3 
 .rodata.str1.4
                0x0800649c       0x1e build/freertos.o
 *fill*         0x080064ba        0x2 
 .rodata.vTaskIMU.str1.4
                0x080064bc       0x10 build/freertos.o
 .rodata.k      0x080064cc       0x10 build/freertos.o
                0x080064cc                k
 .rodata.HAL_RCC_GetSysClockFreq.str1.4
                0x080064dc       0x11 build/stm32f1xx_hal_rcc.o
 *fill*         0x080064ed        0x3 
 .rodata.AHBPrescTable
                0x080064f0       0x10 build/system_stm32f1xx.o
                0x080064f0                AHBPrescTable
 .rodata.APBPrescTable
                0x08006500        0x8 build/system_stm32f1xx.o
                0x08006500                APBPrescTable
 .rodata.vTaskStartScheduler.str1.4
                0x08006508        0x5 build/tasks.o
 *fill*         0x0800650d        0x3 
 .rodata.prvCheckForValidListAndQueue.str1.4
                0x08006510        0x5 build/timers.o
 *fill*         0x08006515        0x3 
 .rodata.xTimerCreateTimerTask.str1.4
                0x08006518        0x8 build/timers.o
 .rodata._global_impure_ptr
                0x08006520        0x4 e:/armchain/10 2021.07/bin/../lib/gcc/arm-none-eabi/10.3.1/../../../../arm-none-eabi/lib/thumb/v7-m/nofp\libc_nano.a(lib_a-impure.o)
                0x08006520                _global_impure_ptr
 .rodata.__sf_fake_stderr
                0x08006524       0x20 e:/armchain/10 2021.07/bin/../lib/gcc/arm-none-eabi/10.3.1/../../../../arm-none-eabi/lib/thumb/v7-m/nofp\libc_nano.a(lib_a-findfp.o)
                0x08006524                __sf_fake_stderr
 .rodata.__sf_fake_stdin
                0x08006544       0x20 e:/armchain/10 2021.07/bin/../lib/gcc/arm-none-eabi/10.3.1/../../../../arm-none-eabi/lib/thumb/v7-m/nofp\libc_nano.a(lib_a-findfp.o)
                0x08006544                __sf_fake_stdin
 .rodata.__sf_fake_stdout
                0x08006564       0x20 e:/armchain/10 2021.07/bin/../lib/gcc/arm-none-eabi/10.3.1/../../../../arm-none-eabi/lib/thumb/v7-m/nofp\libc_nano.a(lib_a-findfp.o)
                0x08006564                __sf_fake_stdout
 .rodata._vfprintf_r.str1.1
                0x08006584       0x11 e:/armchain/10 2021.07/bin/../lib/gcc/arm-none-eabi/10.3.1/../../../../arm-none-eabi/lib/thumb/v7-m/nofp\libc_nano.a(lib_a-nano-vfprintf.o)
 .rodata._printf_i.str1.1
                0x08006595       0x22 e:/armchain/10 2021.07/bin/../lib/gcc/arm-none-eabi/10.3.1/../../../../arm-none-eabi/lib/thumb/v7-m/nofp\libc_nano.a(lib_a-nano-vfprintf_i.o)
                0x080065b8                . = ALIGN (0x4)
 *fill*         0x080065b7        0x1 

.rel.dyn        0x080065b8        0x0
 .rel.iplt      0x080065b8        0x0 e:/armchain/10 2021.07/bin/../lib/gcc/arm-none-eabi/10.3.1/thumb/v7-m/nofp/crtbegin.o

.ARM.extab
 *(.ARM.extab* .gnu.linkonce.armextab.*)

.ARM            0x080065b8        0x0
                0x080065b8                __exidx_start = .
 *(.ARM.exidx*)
                0x080065b8                __exidx_end = .

.preinit_array  0x080065b8        0x0
                0x080065b8                PROVIDE (__preinit_array_start = .)
 *(.preinit_array*)
                0x080065b8                PROVIDE (__preinit_array_end = .)

.init_array     0x080065b8        0x4
                0x080065b8                PROVIDE (__init_array_start = .)
 *(SORT_BY_NAME(.init_array.*))
 *(.init_array*)
 .init_array    0x080065b8        0x4 e:/armchain/10 2021.07/bin/../lib/gcc/arm-none-eabi/10.3.1/thumb/v7-m/nofp/crtbegin.o
                0x080065bc                PROVIDE (__init_array_end = .)

.fini_array     0x080065bc        0x4
                [!provide]                PROVIDE (__fini_array_start = .)
 *(SORT_BY_NAME(.fini_array.*))
 *(.fini_array*)
 .fini_array    0x080065bc        0x4 e:/armchain/10 2021.07/bin/../lib/gcc/arm-none-eabi/10.3.1/thumb/v7-m/nofp/crtbegin.o
                [!provide]                PROVIDE (__fini_array_end = .)
                0x080065c0                _sidata = LOADADDR (.data)

.data           0x20000000       0x74 load address 0x080065c0
                0x20000000                . = ALIGN (0x4)
                0x20000000                _sdata = .
 *(.data)
 *(.data*)
 .data.uwTickFreq
                0x20000000        0x1 build/stm32f1xx_hal.o
                0x20000000                uwTickFreq
 *fill*         0x20000001        0x3 
 .data.uwTickPrio
                0x20000004        0x4 build/stm32f1xx_hal.o
                0x20000004                uwTickPrio
 .data.SystemCoreClock
                0x20000008        0x4 build/system_stm32f1xx.o
                0x20000008                SystemCoreClock
 .data.uxCriticalNesting
                0x2000000c        0x4 build/port.o
 .data._impure_ptr
                0x20000010        0x4 e:/armchain/10 2021.07/bin/../lib/gcc/arm-none-eabi/10.3.1/../../../../arm-none-eabi/lib/thumb/v7-m/nofp\libc_nano.a(lib_a-impure.o)
                0x20000010                _impure_ptr
 .data.impure_data
                0x20000014       0x60 e:/armchain/10 2021.07/bin/../lib/gcc/arm-none-eabi/10.3.1/../../../../arm-none-eabi/lib/thumb/v7-m/nofp\libc_nano.a(lib_a-impure.o)
                0x20000074                . = ALIGN (0x4)
                0x20000074                _edata = .

.igot.plt       0x20000074        0x0 load address 0x08006634
 .igot.plt      0x20000074        0x0 e:/armchain/10 2021.07/bin/../lib/gcc/arm-none-eabi/10.3.1/thumb/v7-m/nofp/crtbegin.o
                0x20000074                . = ALIGN (0x4)

.bss            0x20000074     0x1ce8 load address 0x08006634
                0x20000074                _sbss = .
                0x20000074                __bss_start__ = _sbss
 *(.bss)
 .bss           0x20000074       0x1c e:/armchain/10 2021.07/bin/../lib/gcc/arm-none-eabi/10.3.1/thumb/v7-m/nofp/crtbegin.o
 *(.bss*)
 .bss.highRxBuffer
                0x20000090       0xc8 build/main.o
                0x20000090                highRxBuffer
 .bss.imuIndex  0x20000158        0x1 build/main.o
                0x20000158                imuIndex
 *fill*         0x20000159        0x3 
 .bss.imuRxBuffer
                0x2000015c        0xf build/main.o
                0x2000015c                imuRxBuffer
 *fill*         0x2000016b        0x1 
 .bss.msgsRxBuffer
                0x2000016c        0x6 build/main.o
                0x2000016c                msgsRxBuffer
 .bss.msgsRxLen
                0x20000172        0x1 build/main.o
                0x20000172                msgsRxLen
 *fill*         0x20000173        0x1 
 .bss.GOLDHandle
                0x20000174        0x4 build/freertos.o
                0x20000174                GOLDHandle
 .bss.IMUHandle
                0x20000178        0x4 build/freertos.o
                0x20000178                IMUHandle
 .bss.MSGSHandle
                0x2000017c        0x4 build/freertos.o
                0x2000017c                MSGSHandle
 .bss.PIDHandle
                0x20000180        0x4 build/freertos.o
                0x20000180                PIDHandle
 .bss.STARTHandle
                0x20000184        0x4 build/freertos.o
                0x20000184                STARTHandle
 .bss.ang       0x20000188        0x4 build/freertos.o
                0x20000188                ang
 .bss.count     0x2000018c        0x8 build/freertos.o
                0x2000018c                count
 .bss.dir       0x20000194        0x1 build/freertos.o
                0x20000194                dir
 *fill*         0x20000195        0x3 
 .bss.m         0x20000198       0x90 build/freertos.o
                0x20000198                m
 .bss.pwm       0x20000228        0x8 build/freertos.o
                0x20000228                pwm
 .bss.speedActual
                0x20000230       0x10 build/freertos.o
                0x20000230                speedActual
 .bss.speedSet  0x20000240        0x4 build/freertos.o
                0x20000240                speedSet
 .bss.xCreatedEventGOLD
                0x20000244        0x4 build/freertos.o
                0x20000244                xCreatedEventGOLD
 .bss.xCreatedEventIMU
                0x20000248        0x4 build/freertos.o
                0x20000248                xCreatedEventIMU
 .bss.xCreatedEventMSGS
                0x2000024c        0x4 build/freertos.o
                0x2000024c                xCreatedEventMSGS
 .bss.htim1     0x20000250       0x48 build/tim.o
                0x20000250                htim1
 .bss.htim2     0x20000298       0x48 build/tim.o
                0x20000298                htim2
 .bss.htim3     0x200002e0       0x48 build/tim.o
                0x200002e0                htim3
 .bss.htim4     0x20000328       0x48 build/tim.o
                0x20000328                htim4
 .bss.htim5     0x20000370       0x48 build/tim.o
                0x20000370                htim5
 .bss.hdma_usart1_rx
                0x200003b8       0x44 build/usart.o
                0x200003b8                hdma_usart1_rx
 .bss.hdma_usart2_rx
                0x200003fc       0x44 build/usart.o
                0x200003fc                hdma_usart2_rx
 .bss.hdma_usart3_rx
                0x20000440       0x44 build/usart.o
                0x20000440                hdma_usart3_rx
 .bss.huart1    0x20000484       0x44 build/usart.o
                0x20000484                huart1
 .bss.huart2    0x200004c8       0x44 build/usart.o
                0x200004c8                huart2
 .bss.huart3    0x2000050c       0x44 build/usart.o
                0x2000050c                huart3
 .bss.htim8     0x20000550       0x48 build/stm32f1xx_hal_timebase_tim.o
                0x20000550                htim8
 .bss.uwTick    0x20000598        0x4 build/stm32f1xx_hal.o
                0x20000598                uwTick
 .bss.xQueueRegistry
                0x2000059c       0x40 build/queue.o
                0x2000059c                xQueueRegistry
 .bss.pxCurrentTCB
                0x200005dc        0x4 build/tasks.o
                0x200005dc                pxCurrentTCB
 .bss.pxDelayedTaskList
                0x200005e0        0x4 build/tasks.o
 .bss.pxOverflowDelayedTaskList
                0x200005e4        0x4 build/tasks.o
 .bss.pxReadyTasksLists
                0x200005e8       0x8c build/tasks.o
 .bss.uxCurrentNumberOfTasks
                0x20000674        0x4 build/tasks.o
 .bss.uxDeletedTasksWaitingCleanUp
                0x20000678        0x4 build/tasks.o
 .bss.uxPendedTicks
                0x2000067c        0x4 build/tasks.o
 .bss.uxSchedulerSuspended
                0x20000680        0x4 build/tasks.o
 .bss.uxTaskNumber
                0x20000684        0x4 build/tasks.o
 .bss.uxTopReadyPriority
                0x20000688        0x4 build/tasks.o
 .bss.xDelayedTaskList1
                0x2000068c       0x14 build/tasks.o
 .bss.xDelayedTaskList2
                0x200006a0       0x14 build/tasks.o
 .bss.xIdleTaskHandle
                0x200006b4        0x4 build/tasks.o
 .bss.xNextTaskUnblockTime
                0x200006b8        0x4 build/tasks.o
 .bss.xNumOfOverflows
                0x200006bc        0x4 build/tasks.o
 .bss.xPendingReadyList
                0x200006c0       0x14 build/tasks.o
 .bss.xSchedulerRunning
                0x200006d4        0x4 build/tasks.o
 .bss.xSuspendedTaskList
                0x200006d8       0x14 build/tasks.o
 .bss.xTasksWaitingTermination
                0x200006ec       0x14 build/tasks.o
 .bss.xTickCount
                0x20000700        0x4 build/tasks.o
 .bss.xYieldPending
                0x20000704        0x4 build/tasks.o
 .bss.pxCurrentTimerList
                0x20000708        0x4 build/timers.o
 .bss.pxOverflowTimerList
                0x2000070c        0x4 build/timers.o
 .bss.xActiveTimerList1
                0x20000710       0x14 build/timers.o
 .bss.xActiveTimerList2
                0x20000724       0x14 build/timers.o
 .bss.xLastTime.0
                0x20000738        0x4 build/timers.o
 .bss.xTimerQueue
                0x2000073c        0x4 build/timers.o
 .bss.xTimerTaskHandle
                0x20000740        0x4 build/timers.o
 .bss.pxEnd     0x20000744        0x4 build/heap_4.o
 .bss.ucHeap    0x20000748     0x15e4 build/heap_4.o
 .bss.xBlockAllocatedBit
                0x20001d2c        0x4 build/heap_4.o
 .bss.xFreeBytesRemaining
                0x20001d30        0x4 build/heap_4.o
 .bss.xMinimumEverFreeBytesRemaining
                0x20001d34        0x4 build/heap_4.o
 .bss.xStart    0x20001d38        0x8 build/heap_4.o
 .bss.ucMaxSysCallPriority
                0x20001d40        0x1 build/port.o
 *fill*         0x20001d41        0x3 
 .bss.ulMaxPRIGROUPValue
                0x20001d44        0x4 build/port.o
 .bss.__lock___malloc_recursive_mutex
                0x20001d48        0x1 e:/armchain/10 2021.07/bin/../lib/gcc/arm-none-eabi/10.3.1/../../../../arm-none-eabi/lib/thumb/v7-m/nofp\libc_nano.a(lib_a-lock.o)
                0x20001d48                __lock___malloc_recursive_mutex
 .bss.__lock___sfp_recursive_mutex
                0x20001d49        0x1 e:/armchain/10 2021.07/bin/../lib/gcc/arm-none-eabi/10.3.1/../../../../arm-none-eabi/lib/thumb/v7-m/nofp\libc_nano.a(lib_a-lock.o)
                0x20001d49                __lock___sfp_recursive_mutex
 .bss.__lock___sinit_recursive_mutex
                0x20001d4a        0x1 e:/armchain/10 2021.07/bin/../lib/gcc/arm-none-eabi/10.3.1/../../../../arm-none-eabi/lib/thumb/v7-m/nofp\libc_nano.a(lib_a-lock.o)
                0x20001d4a                __lock___sinit_recursive_mutex
 *fill*         0x20001d4b        0x1 
 .bss.__malloc_free_list
                0x20001d4c        0x4 e:/armchain/10 2021.07/bin/../lib/gcc/arm-none-eabi/10.3.1/../../../../arm-none-eabi/lib/thumb/v7-m/nofp\libc_nano.a(lib_a-nano-mallocr.o)
                0x20001d4c                __malloc_free_list
 .bss.__malloc_sbrk_start
                0x20001d50        0x4 e:/armchain/10 2021.07/bin/../lib/gcc/arm-none-eabi/10.3.1/../../../../arm-none-eabi/lib/thumb/v7-m/nofp\libc_nano.a(lib_a-nano-mallocr.o)
                0x20001d50                __malloc_sbrk_start
 .bss.errno     0x20001d54        0x4 e:/armchain/10 2021.07/bin/../lib/gcc/arm-none-eabi/10.3.1/../../../../arm-none-eabi/lib/thumb/v7-m/nofp\libc_nano.a(lib_a-reent.o)
                0x20001d54                errno
 .bss.heap_end.0
                0x20001d58        0x4 e:/armchain/10 2021.07/bin/../lib/gcc/arm-none-eabi/10.3.1/../../../../arm-none-eabi/lib/thumb/v7-m/nofp\libnosys.a(sbrk.o)
 *(COMMON)
                0x20001d5c                . = ALIGN (0x4)
                0x20001d5c                _ebss = .
                0x20001d5c                __bss_end__ = _ebss

._user_heap_stack
                0x20001d5c      0x604 load address 0x08006634
                0x20001d60                . = ALIGN (0x8)
 *fill*         0x20001d5c        0x4 
                0x20001d60                PROVIDE (end = .)
                [!provide]                PROVIDE (_end = .)
                0x20001f60                . = (. + _Min_Heap_Size)
 *fill*         0x20001d60      0x200 
                0x20002360                . = (. + _Min_Stack_Size)
 *fill*         0x20001f60      0x400 
                0x20002360                . = ALIGN (0x8)

/DISCARD/
 libc.a(*)
 libm.a(*)
 libgcc.a(*)

.ARM.attributes
                0x00000000       0x29
 *(.ARM.attributes)
 .ARM.attributes
                0x00000000       0x1d e:/armchain/10 2021.07/bin/../lib/gcc/arm-none-eabi/10.3.1/thumb/v7-m/nofp/crti.o
 .ARM.attributes
                0x0000001d       0x2d e:/armchain/10 2021.07/bin/../lib/gcc/arm-none-eabi/10.3.1/thumb/v7-m/nofp/crtbegin.o
 .ARM.attributes
                0x0000004a       0x2d build/main.o
 .ARM.attributes
                0x00000077       0x2d build/gpio.o
 .ARM.attributes
                0x000000a4       0x2d build/freertos.o
 .ARM.attributes
                0x000000d1       0x2d build/dma.o
 .ARM.attributes
                0x000000fe       0x2d build/tim.o
 .ARM.attributes
                0x0000012b       0x2d build/usart.o
 .ARM.attributes
                0x00000158       0x2d build/stm32f1xx_it.o
 .ARM.attributes
                0x00000185       0x2d build/stm32f1xx_hal_msp.o
 .ARM.attributes
                0x000001b2       0x2d build/stm32f1xx_hal_timebase_tim.o
 .ARM.attributes
                0x000001df       0x2d build/stm32f1xx_hal.o
 .ARM.attributes
                0x0000020c       0x2d build/stm32f1xx_hal_rcc.o
 .ARM.attributes
                0x00000239       0x2d build/stm32f1xx_hal_gpio.o
 .ARM.attributes
                0x00000266       0x2d build/stm32f1xx_hal_dma.o
 .ARM.attributes
                0x00000293       0x2d build/stm32f1xx_hal_cortex.o
 .ARM.attributes
                0x000002c0       0x2d build/stm32f1xx_hal_tim.o
 .ARM.attributes
                0x000002ed       0x2d build/stm32f1xx_hal_tim_ex.o
 .ARM.attributes
                0x0000031a       0x2d build/stm32f1xx_hal_uart.o
 .ARM.attributes
                0x00000347       0x2d build/system_stm32f1xx.o
 .ARM.attributes
                0x00000374       0x2d build/event_groups.o
 .ARM.attributes
                0x000003a1       0x2d build/list.o
 .ARM.attributes
                0x000003ce       0x2d build/queue.o
 .ARM.attributes
                0x000003fb       0x2d build/tasks.o
 .ARM.attributes
                0x00000428       0x2d build/timers.o
 .ARM.attributes
                0x00000455       0x2d build/cmsis_os.o
 .ARM.attributes
                0x00000482       0x2d build/heap_4.o
 .ARM.attributes
                0x000004af       0x2d build/port.o
 .ARM.attributes
                0x000004dc       0x21 build/startup_stm32f103xe.o
 .ARM.attributes
                0x000004fd       0x2d e:/armchain/10 2021.07/bin/../lib/gcc/arm-none-eabi/10.3.1/../../../../arm-none-eabi/lib/thumb/v7-m/nofp\libc_nano.a(lib_a-impure.o)
 .ARM.attributes
                0x0000052a       0x2d e:/armchain/10 2021.07/bin/../lib/gcc/arm-none-eabi/10.3.1/../../../../arm-none-eabi/lib/thumb/v7-m/nofp\libc_nano.a(lib_a-init.o)
 .ARM.attributes
                0x00000557       0x2d e:/armchain/10 2021.07/bin/../lib/gcc/arm-none-eabi/10.3.1/../../../../arm-none-eabi/lib/thumb/v7-m/nofp\libc_nano.a(lib_a-memcpy-stub.o)
 .ARM.attributes
                0x00000584       0x2d e:/armchain/10 2021.07/bin/../lib/gcc/arm-none-eabi/10.3.1/../../../../arm-none-eabi/lib/thumb/v7-m/nofp\libc_nano.a(lib_a-memset.o)
 .ARM.attributes
                0x000005b1       0x2d e:/armchain/10 2021.07/bin/../lib/gcc/arm-none-eabi/10.3.1/../../../../arm-none-eabi/lib/thumb/v7-m/nofp\libc_nano.a(lib_a-printf.o)
 .ARM.attributes
                0x000005de       0x2d e:/armchain/10 2021.07/bin/../lib/gcc/arm-none-eabi/10.3.1/../../../../arm-none-eabi/lib/thumb/v7-m/nofp\libc_nano.a(lib_a-findfp.o)
 .ARM.attributes
                0x0000060b       0x2d e:/armchain/10 2021.07/bin/../lib/gcc/arm-none-eabi/10.3.1/../../../../arm-none-eabi/lib/thumb/v7-m/nofp\libc_nano.a(lib_a-fwalk.o)
 .ARM.attributes
                0x00000638       0x2d e:/armchain/10 2021.07/bin/../lib/gcc/arm-none-eabi/10.3.1/../../../../arm-none-eabi/lib/thumb/v7-m/nofp\libc_nano.a(lib_a-lock.o)
 .ARM.attributes
                0x00000665       0x2d e:/armchain/10 2021.07/bin/../lib/gcc/arm-none-eabi/10.3.1/../../../../arm-none-eabi/lib/thumb/v7-m/nofp\libc_nano.a(lib_a-nano-mallocr.o)
 .ARM.attributes
                0x00000692       0x2d e:/armchain/10 2021.07/bin/../lib/gcc/arm-none-eabi/10.3.1/../../../../arm-none-eabi/lib/thumb/v7-m/nofp\libc_nano.a(lib_a-nano-vfprintf.o)
 .ARM.attributes
                0x000006bf       0x2d e:/armchain/10 2021.07/bin/../lib/gcc/arm-none-eabi/10.3.1/../../../../arm-none-eabi/lib/thumb/v7-m/nofp\libc_nano.a(lib_a-nano-vfprintf_i.o)
 .ARM.attributes
                0x000006ec       0x2d e:/armchain/10 2021.07/bin/../lib/gcc/arm-none-eabi/10.3.1/../../../../arm-none-eabi/lib/thumb/v7-m/nofp\libc_nano.a(lib_a-sbrkr.o)
 .ARM.attributes
                0x00000719       0x2d e:/armchain/10 2021.07/bin/../lib/gcc/arm-none-eabi/10.3.1/../../../../arm-none-eabi/lib/thumb/v7-m/nofp\libc_nano.a(lib_a-stdio.o)
 .ARM.attributes
                0x00000746       0x2d e:/armchain/10 2021.07/bin/../lib/gcc/arm-none-eabi/10.3.1/../../../../arm-none-eabi/lib/thumb/v7-m/nofp\libc_nano.a(lib_a-wbuf.o)
 .ARM.attributes
                0x00000773       0x2d e:/armchain/10 2021.07/bin/../lib/gcc/arm-none-eabi/10.3.1/../../../../arm-none-eabi/lib/thumb/v7-m/nofp\libc_nano.a(lib_a-writer.o)
 .ARM.attributes
                0x000007a0       0x2d e:/armchain/10 2021.07/bin/../lib/gcc/arm-none-eabi/10.3.1/../../../../arm-none-eabi/lib/thumb/v7-m/nofp\libc_nano.a(lib_a-wsetup.o)
 .ARM.attributes
                0x000007cd       0x2d e:/armchain/10 2021.07/bin/../lib/gcc/arm-none-eabi/10.3.1/../../../../arm-none-eabi/lib/thumb/v7-m/nofp\libc_nano.a(lib_a-closer.o)
 .ARM.attributes
                0x000007fa       0x2d e:/armchain/10 2021.07/bin/../lib/gcc/arm-none-eabi/10.3.1/../../../../arm-none-eabi/lib/thumb/v7-m/nofp\libc_nano.a(lib_a-fflush.o)
 .ARM.attributes
                0x00000827       0x2d e:/armchain/10 2021.07/bin/../lib/gcc/arm-none-eabi/10.3.1/../../../../arm-none-eabi/lib/thumb/v7-m/nofp\libc_nano.a(lib_a-lseekr.o)
 .ARM.attributes
                0x00000854       0x2d e:/armchain/10 2021.07/bin/../lib/gcc/arm-none-eabi/10.3.1/../../../../arm-none-eabi/lib/thumb/v7-m/nofp\libc_nano.a(lib_a-makebuf.o)
 .ARM.attributes
                0x00000881       0x2d e:/armchain/10 2021.07/bin/../lib/gcc/arm-none-eabi/10.3.1/../../../../arm-none-eabi/lib/thumb/v7-m/nofp\libc_nano.a(lib_a-memchr-stub.o)
 .ARM.attributes
                0x000008ae       0x2d e:/armchain/10 2021.07/bin/../lib/gcc/arm-none-eabi/10.3.1/../../../../arm-none-eabi/lib/thumb/v7-m/nofp\libc_nano.a(lib_a-mlock.o)
 .ARM.attributes
                0x000008db       0x2d e:/armchain/10 2021.07/bin/../lib/gcc/arm-none-eabi/10.3.1/../../../../arm-none-eabi/lib/thumb/v7-m/nofp\libc_nano.a(lib_a-nano-freer.o)
 .ARM.attributes
                0x00000908       0x2d e:/armchain/10 2021.07/bin/../lib/gcc/arm-none-eabi/10.3.1/../../../../arm-none-eabi/lib/thumb/v7-m/nofp\libc_nano.a(lib_a-readr.o)
 .ARM.attributes
                0x00000935       0x2d e:/armchain/10 2021.07/bin/../lib/gcc/arm-none-eabi/10.3.1/../../../../arm-none-eabi/lib/thumb/v7-m/nofp\libc_nano.a(lib_a-reent.o)
 .ARM.attributes
                0x00000962       0x2d e:/armchain/10 2021.07/bin/../lib/gcc/arm-none-eabi/10.3.1/../../../../arm-none-eabi/lib/thumb/v7-m/nofp\libc_nano.a(lib_a-fstatr.o)
 .ARM.attributes
                0x0000098f       0x2d e:/armchain/10 2021.07/bin/../lib/gcc/arm-none-eabi/10.3.1/../../../../arm-none-eabi/lib/thumb/v7-m/nofp\libc_nano.a(lib_a-isattyr.o)
 .ARM.attributes
                0x000009bc       0x2d e:/armchain/10 2021.07/bin/../lib/gcc/arm-none-eabi/10.3.1/../../../../arm-none-eabi/lib/thumb/v7-m/nofp\libnosys.a(close.o)
 .ARM.attributes
                0x000009e9       0x2d e:/armchain/10 2021.07/bin/../lib/gcc/arm-none-eabi/10.3.1/../../../../arm-none-eabi/lib/thumb/v7-m/nofp\libnosys.a(fstat.o)
 .ARM.attributes
                0x00000a16       0x2d e:/armchain/10 2021.07/bin/../lib/gcc/arm-none-eabi/10.3.1/../../../../arm-none-eabi/lib/thumb/v7-m/nofp\libnosys.a(isatty.o)
 .ARM.attributes
                0x00000a43       0x2d e:/armchain/10 2021.07/bin/../lib/gcc/arm-none-eabi/10.3.1/../../../../arm-none-eabi/lib/thumb/v7-m/nofp\libnosys.a(lseek.o)
 .ARM.attributes
                0x00000a70       0x2d e:/armchain/10 2021.07/bin/../lib/gcc/arm-none-eabi/10.3.1/../../../../arm-none-eabi/lib/thumb/v7-m/nofp\libnosys.a(read.o)
 .ARM.attributes
                0x00000a9d       0x2d e:/armchain/10 2021.07/bin/../lib/gcc/arm-none-eabi/10.3.1/../../../../arm-none-eabi/lib/thumb/v7-m/nofp\libnosys.a(sbrk.o)
 .ARM.attributes
                0x00000aca       0x2d e:/armchain/10 2021.07/bin/../lib/gcc/arm-none-eabi/10.3.1/../../../../arm-none-eabi/lib/thumb/v7-m/nofp\libnosys.a(write.o)
 .ARM.attributes
                0x00000af7       0x1d e:/armchain/10 2021.07/bin/../lib/gcc/arm-none-eabi/10.3.1/thumb/v7-m/nofp\libgcc.a(_arm_mulsf3.o)
 .ARM.attributes
                0x00000b14       0x1d e:/armchain/10 2021.07/bin/../lib/gcc/arm-none-eabi/10.3.1/thumb/v7-m/nofp\libgcc.a(_arm_addsubsf3.o)
 .ARM.attributes
                0x00000b31       0x1d e:/armchain/10 2021.07/bin/../lib/gcc/arm-none-eabi/10.3.1/thumb/v7-m/nofp\libgcc.a(_arm_cmpsf2.o)
 .ARM.attributes
                0x00000b4e       0x1d e:/armchain/10 2021.07/bin/../lib/gcc/arm-none-eabi/10.3.1/thumb/v7-m/nofp\libgcc.a(_arm_fixunssfsi.o)
 .ARM.attributes
                0x00000b6b       0x1d e:/armchain/10 2021.07/bin/../lib/gcc/arm-none-eabi/10.3.1/thumb/v7-m/nofp/crtn.o
OUTPUT(build/golder_v1.0.elf elf32-littlearm)
LOAD linker stubs
LOAD e:/armchain/10 2021.07/bin/../lib/gcc/arm-none-eabi/10.3.1/../../../../arm-none-eabi/lib/thumb/v7-m/nofp\libc.a
LOAD e:/armchain/10 2021.07/bin/../lib/gcc/arm-none-eabi/10.3.1/../../../../arm-none-eabi/lib/thumb/v7-m/nofp\libm.a
LOAD e:/armchain/10 2021.07/bin/../lib/gcc/arm-none-eabi/10.3.1/thumb/v7-m/nofp\libgcc.a

.debug_info     0x00000000    0x1b156
 .debug_info    0x00000000     0x1a3d build/main.o
 .debug_info    0x00001a3d      0x38b build/gpio.o
 .debug_info    0x00001dc8     0x121a build/freertos.o
 .debug_info    0x00002fe2      0x3e2 build/dma.o
 .debug_info    0x000033c4     0x13e8 build/tim.o
 .debug_info    0x000047ac      0xe2d build/usart.o
 .debug_info    0x000055d9      0xb42 build/stm32f1xx_it.o
 .debug_info    0x0000611b      0x23f build/stm32f1xx_hal_msp.o
 .debug_info    0x0000635a      0xb2c build/stm32f1xx_hal_timebase_tim.o
 .debug_info    0x00006e86      0x8bb build/stm32f1xx_hal.o
 .debug_info    0x00007741      0xaec build/stm32f1xx_hal_rcc.o
 .debug_info    0x0000822d      0x6d7 build/stm32f1xx_hal_gpio.o
 .debug_info    0x00008904      0x8ba build/stm32f1xx_hal_dma.o
 .debug_info    0x000091be      0xe93 build/stm32f1xx_hal_cortex.o
 .debug_info    0x0000a051     0x3df8 build/stm32f1xx_hal_tim.o
 .debug_info    0x0000de49     0x1b67 build/stm32f1xx_hal_tim_ex.o
 .debug_info    0x0000f9b0     0x1e12 build/stm32f1xx_hal_uart.o
 .debug_info    0x000117c2      0x26e build/system_stm32f1xx.o
 .debug_info    0x00011a30      0xc3e build/event_groups.o
 .debug_info    0x0001266e      0x309 build/list.o
 .debug_info    0x00012977     0x2033 build/queue.o
 .debug_info    0x000149aa     0x2829 build/tasks.o
 .debug_info    0x000171d3     0x148e build/timers.o
 .debug_info    0x00018661     0x20cf build/cmsis_os.o
 .debug_info    0x0001a730      0x49b build/heap_4.o
 .debug_info    0x0001abcb      0x569 build/port.o
 .debug_info    0x0001b134       0x22 build/startup_stm32f103xe.o

.debug_abbrev   0x00000000     0x3cd4
 .debug_abbrev  0x00000000      0x333 build/main.o
 .debug_abbrev  0x00000333      0x13f build/gpio.o
 .debug_abbrev  0x00000472      0x335 build/freertos.o
 .debug_abbrev  0x000007a7      0x117 build/dma.o
 .debug_abbrev  0x000008be      0x298 build/tim.o
 .debug_abbrev  0x00000b56      0x1e1 build/usart.o
 .debug_abbrev  0x00000d37      0x17c build/stm32f1xx_it.o
 .debug_abbrev  0x00000eb3       0xe7 build/stm32f1xx_hal_msp.o
 .debug_abbrev  0x00000f9a      0x1ef build/stm32f1xx_hal_timebase_tim.o
 .debug_abbrev  0x00001189      0x1f7 build/stm32f1xx_hal.o
 .debug_abbrev  0x00001380      0x29a build/stm32f1xx_hal_rcc.o
 .debug_abbrev  0x0000161a      0x222 build/stm32f1xx_hal_gpio.o
 .debug_abbrev  0x0000183c      0x262 build/stm32f1xx_hal_dma.o
 .debug_abbrev  0x00001a9e      0x359 build/stm32f1xx_hal_cortex.o
 .debug_abbrev  0x00001df7      0x296 build/stm32f1xx_hal_tim.o
 .debug_abbrev  0x0000208d      0x298 build/stm32f1xx_hal_tim_ex.o
 .debug_abbrev  0x00002325      0x2ab build/stm32f1xx_hal_uart.o
 .debug_abbrev  0x000025d0      0x140 build/system_stm32f1xx.o
 .debug_abbrev  0x00002710      0x279 build/event_groups.o
 .debug_abbrev  0x00002989      0x124 build/list.o
 .debug_abbrev  0x00002aad      0x387 build/queue.o
 .debug_abbrev  0x00002e34      0x36b build/tasks.o
 .debug_abbrev  0x0000319f      0x2cf build/timers.o
 .debug_abbrev  0x0000346e      0x362 build/cmsis_os.o
 .debug_abbrev  0x000037d0      0x255 build/heap_4.o
 .debug_abbrev  0x00003a25      0x29d build/port.o
 .debug_abbrev  0x00003cc2       0x12 build/startup_stm32f103xe.o

.debug_loc      0x00000000    0x14118
 .debug_loc     0x00000000      0x2f5 build/main.o
 .debug_loc     0x000002f5       0x38 build/gpio.o
 .debug_loc     0x0000032d      0x312 build/freertos.o
 .debug_loc     0x0000063f       0x38 build/dma.o
 .debug_loc     0x00000677      0x456 build/tim.o
 .debug_loc     0x00000acd      0x1a4 build/usart.o
 .debug_loc     0x00000c71       0xe0 build/stm32f1xx_it.o
 .debug_loc     0x00000d51       0x41 build/stm32f1xx_hal_msp.o
 .debug_loc     0x00000d92       0xcd build/stm32f1xx_hal_timebase_tim.o
 .debug_loc     0x00000e5f      0x1e1 build/stm32f1xx_hal.o
 .debug_loc     0x00001040      0x7ee build/stm32f1xx_hal_rcc.o
 .debug_loc     0x0000182e      0x551 build/stm32f1xx_hal_gpio.o
 .debug_loc     0x00001d7f      0x8ea build/stm32f1xx_hal_dma.o
 .debug_loc     0x00002669      0x77f build/stm32f1xx_hal_cortex.o
 .debug_loc     0x00002de8     0x5280 build/stm32f1xx_hal_tim.o
 .debug_loc     0x00008068     0x1f72 build/stm32f1xx_hal_tim_ex.o
 .debug_loc     0x00009fda     0x267b build/stm32f1xx_hal_uart.o
 .debug_loc     0x0000c655       0xff build/system_stm32f1xx.o
 .debug_loc     0x0000c754      0xa61 build/event_groups.o
 .debug_loc     0x0000d1b5       0xe5 build/list.o
 .debug_loc     0x0000d29a     0x186a build/queue.o
 .debug_loc     0x0000eb04     0x2407 build/tasks.o
 .debug_loc     0x00010f0b     0x117b build/timers.o
 .debug_loc     0x00012086     0x1b65 build/cmsis_os.o
 .debug_loc     0x00013beb      0x3c1 build/heap_4.o
 .debug_loc     0x00013fac      0x16c build/port.o

.debug_aranges  0x00000000     0x1378
 .debug_aranges
                0x00000000       0x48 build/main.o
 .debug_aranges
                0x00000048       0x20 build/gpio.o
 .debug_aranges
                0x00000068       0x58 build/freertos.o
 .debug_aranges
                0x000000c0       0x20 build/dma.o
 .debug_aranges
                0x000000e0       0x68 build/tim.o
 .debug_aranges
                0x00000148       0x40 build/usart.o
 .debug_aranges
                0x00000188       0x80 build/stm32f1xx_it.o
 .debug_aranges
                0x00000208       0x20 build/stm32f1xx_hal_msp.o
 .debug_aranges
                0x00000228       0x30 build/stm32f1xx_hal_timebase_tim.o
 .debug_aranges
                0x00000258       0xe0 build/stm32f1xx_hal.o
 .debug_aranges
                0x00000338       0x90 build/stm32f1xx_hal_rcc.o
 .debug_aranges
                0x000003c8       0x58 build/stm32f1xx_hal_gpio.o
 .debug_aranges
                0x00000420       0x80 build/stm32f1xx_hal_dma.o
 .debug_aranges
                0x000004a0       0x90 build/stm32f1xx_hal_cortex.o
 .debug_aranges
                0x00000530      0x3d0 build/stm32f1xx_hal_tim.o
 .debug_aranges
                0x00000900      0x168 build/stm32f1xx_hal_tim_ex.o
 .debug_aranges
                0x00000a68      0x200 build/stm32f1xx_hal_uart.o
 .debug_aranges
                0x00000c68       0x28 build/system_stm32f1xx.o
 .debug_aranges
                0x00000c90       0x68 build/event_groups.o
 .debug_aranges
                0x00000cf8       0x40 build/list.o
 .debug_aranges
                0x00000d38      0x100 build/queue.o
 .debug_aranges
                0x00000e38      0x1b0 build/tasks.o
 .debug_aranges
                0x00000fe8       0xc8 build/timers.o
 .debug_aranges
                0x000010b0      0x1d8 build/cmsis_os.o
 .debug_aranges
                0x00001288       0x50 build/heap_4.o
 .debug_aranges
                0x000012d8       0x78 build/port.o
 .debug_aranges
                0x00001350       0x28 build/startup_stm32f103xe.o

.debug_ranges   0x00000000     0x1470
 .debug_ranges  0x00000000       0x50 build/main.o
 .debug_ranges  0x00000050       0x10 build/gpio.o
 .debug_ranges  0x00000060       0xa8 build/freertos.o
 .debug_ranges  0x00000108       0x10 build/dma.o
 .debug_ranges  0x00000118       0x58 build/tim.o
 .debug_ranges  0x00000170       0x30 build/usart.o
 .debug_ranges  0x000001a0       0x70 build/stm32f1xx_it.o
 .debug_ranges  0x00000210       0x10 build/stm32f1xx_hal_msp.o
 .debug_ranges  0x00000220       0x20 build/stm32f1xx_hal_timebase_tim.o
 .debug_ranges  0x00000240       0xd0 build/stm32f1xx_hal.o
 .debug_ranges  0x00000310       0xa0 build/stm32f1xx_hal_rcc.o
 .debug_ranges  0x000003b0       0x48 build/stm32f1xx_hal_gpio.o
 .debug_ranges  0x000003f8       0x70 build/stm32f1xx_hal_dma.o
 .debug_ranges  0x00000468       0xe0 build/stm32f1xx_hal_cortex.o
 .debug_ranges  0x00000548      0x3c0 build/stm32f1xx_hal_tim.o
 .debug_ranges  0x00000908      0x158 build/stm32f1xx_hal_tim_ex.o
 .debug_ranges  0x00000a60      0x1f0 build/stm32f1xx_hal_uart.o
 .debug_ranges  0x00000c50       0x18 build/system_stm32f1xx.o
 .debug_ranges  0x00000c68       0x78 build/event_groups.o
 .debug_ranges  0x00000ce0       0x30 build/list.o
 .debug_ranges  0x00000d10      0x1a8 build/queue.o
 .debug_ranges  0x00000eb8      0x270 build/tasks.o
 .debug_ranges  0x00001128       0xb8 build/timers.o
 .debug_ranges  0x000011e0      0x1c8 build/cmsis_os.o
 .debug_ranges  0x000013a8       0x40 build/heap_4.o
 .debug_ranges  0x000013e8       0x68 build/port.o
 .debug_ranges  0x00001450       0x20 build/startup_stm32f103xe.o

.debug_line     0x00000000    0x143a7
 .debug_line    0x00000000      0x5d1 build/main.o
 .debug_line    0x000005d1      0x1a6 build/gpio.o
 .debug_line    0x00000777      0x617 build/freertos.o
 .debug_line    0x00000d8e      0x14f build/dma.o
 .debug_line    0x00000edd      0x790 build/tim.o
 .debug_line    0x0000166d      0x54f build/usart.o
 .debug_line    0x00001bbc      0x2e1 build/stm32f1xx_it.o
 .debug_line    0x00001e9d      0x129 build/stm32f1xx_hal_msp.o
 .debug_line    0x00001fc6      0x24a build/stm32f1xx_hal_timebase_tim.o
 .debug_line    0x00002210      0x4da build/stm32f1xx_hal.o
 .debug_line    0x000026ea      0xbd8 build/stm32f1xx_hal_rcc.o
 .debug_line    0x000032c2      0x5a3 build/stm32f1xx_hal_gpio.o
 .debug_line    0x00003865      0xc97 build/stm32f1xx_hal_dma.o
 .debug_line    0x000044fc      0x5e5 build/stm32f1xx_hal_cortex.o
 .debug_line    0x00004ae1     0x46e9 build/stm32f1xx_hal_tim.o
 .debug_line    0x000091ca     0x1b72 build/stm32f1xx_hal_tim_ex.o
 .debug_line    0x0000ad3c     0x2067 build/stm32f1xx_hal_uart.o
 .debug_line    0x0000cda3      0x1f2 build/system_stm32f1xx.o
 .debug_line    0x0000cf95      0x8d3 build/event_groups.o
 .debug_line    0x0000d868      0x320 build/list.o
 .debug_line    0x0000db88     0x1a02 build/queue.o
 .debug_line    0x0000f58a     0x23e7 build/tasks.o
 .debug_line    0x00011971      0xc27 build/timers.o
 .debug_line    0x00012598     0x11c9 build/cmsis_os.o
 .debug_line    0x00013761      0x600 build/heap_4.o
 .debug_line    0x00013d61      0x5d1 build/port.o
 .debug_line    0x00014332       0x75 build/startup_stm32f103xe.o

.debug_str      0x00000000     0x62d1
 .debug_str     0x00000000      0xecc build/main.o
                                0xff2 (size before relaxing)
 .debug_str     0x00000ecc       0xd5 build/gpio.o
                                0x26f (size before relaxing)
 .debug_str     0x00000fa1      0x339 build/freertos.o
                                0xa84 (size before relaxing)
 .debug_str     0x000012da      0x3f0 build/dma.o
                                0x5b6 (size before relaxing)
 .debug_str     0x000016ca      0x33a build/tim.o
                                0xac1 (size before relaxing)
 .debug_str     0x00001a04       0xab build/usart.o
                                0xafe (size before relaxing)
 .debug_str     0x00001aaf      0x151 build/stm32f1xx_it.o
                                0x9b6 (size before relaxing)
 .debug_str     0x00001c00       0x29 build/stm32f1xx_hal_msp.o
                                0x211 (size before relaxing)
 .debug_str     0x00001c29       0xf5 build/stm32f1xx_hal_timebase_tim.o
                                0xbc1 (size before relaxing)
 .debug_str     0x00001d1e      0x2d0 build/stm32f1xx_hal.o
                                0x8f5 (size before relaxing)
 .debug_str     0x00001fee      0x1d7 build/stm32f1xx_hal_rcc.o
                                0x618 (size before relaxing)
 .debug_str     0x000021c5      0x117 build/stm32f1xx_hal_gpio.o
                                0x3ed (size before relaxing)
 .debug_str     0x000022dc      0x208 build/stm32f1xx_hal_dma.o
                                0x5ea (size before relaxing)
 .debug_str     0x000024e4      0x392 build/stm32f1xx_hal_cortex.o
                                0x9a4 (size before relaxing)
 .debug_str     0x00002876      0xcf9 build/stm32f1xx_hal_tim.o
                               0x1625 (size before relaxing)
 .debug_str     0x0000356f      0x46f build/stm32f1xx_hal_tim_ex.o
                                0xe26 (size before relaxing)
 .debug_str     0x000039de      0x573 build/stm32f1xx_hal_uart.o
                                0xc7b (size before relaxing)
 .debug_str     0x00003f51       0x4f build/system_stm32f1xx.o
                                0x241 (size before relaxing)
 .debug_str     0x00003fa0      0x43e build/event_groups.o
                                0x643 (size before relaxing)
 .debug_str     0x000043de       0xac build/list.o
                                0x2e2 (size before relaxing)
 .debug_str     0x0000448a      0x67a build/queue.o
                                0x9f8 (size before relaxing)
 .debug_str     0x00004b04      0x90b build/tasks.o
                                0xef6 (size before relaxing)
 .debug_str     0x0000540f      0x4b8 build/timers.o
                                0x927 (size before relaxing)
 .debug_str     0x000058c7      0x6a4 build/cmsis_os.o
                                0xde5 (size before relaxing)
 .debug_str     0x00005f6b      0x1d5 build/heap_4.o
                                0x3cb (size before relaxing)
 .debug_str     0x00006140      0x16d build/port.o
                                0x44e (size before relaxing)
 .debug_str     0x000062ad       0x24 build/startup_stm32f103xe.o
                                 0x60 (size before relaxing)

.comment        0x00000000       0x49
 .comment       0x00000000       0x49 build/main.o
                                 0x4a (size before relaxing)
 .comment       0x00000049       0x4a build/gpio.o
 .comment       0x00000049       0x4a build/freertos.o
 .comment       0x00000049       0x4a build/dma.o
 .comment       0x00000049       0x4a build/tim.o
 .comment       0x00000049       0x4a build/usart.o
 .comment       0x00000049       0x4a build/stm32f1xx_it.o
 .comment       0x00000049       0x4a build/stm32f1xx_hal_msp.o
 .comment       0x00000049       0x4a build/stm32f1xx_hal_timebase_tim.o
 .comment       0x00000049       0x4a build/stm32f1xx_hal.o
 .comment       0x00000049       0x4a build/stm32f1xx_hal_rcc.o
 .comment       0x00000049       0x4a build/stm32f1xx_hal_gpio.o
 .comment       0x00000049       0x4a build/stm32f1xx_hal_dma.o
 .comment       0x00000049       0x4a build/stm32f1xx_hal_cortex.o
 .comment       0x00000049       0x4a build/stm32f1xx_hal_tim.o
 .comment       0x00000049       0x4a build/stm32f1xx_hal_tim_ex.o
 .comment       0x00000049       0x4a build/stm32f1xx_hal_uart.o
 .comment       0x00000049       0x4a build/system_stm32f1xx.o
 .comment       0x00000049       0x4a build/event_groups.o
 .comment       0x00000049       0x4a build/list.o
 .comment       0x00000049       0x4a build/queue.o
 .comment       0x00000049       0x4a build/tasks.o
 .comment       0x00000049       0x4a build/timers.o
 .comment       0x00000049       0x4a build/cmsis_os.o
 .comment       0x00000049       0x4a build/heap_4.o
 .comment       0x00000049       0x4a build/port.o

.debug_frame    0x00000000     0x3fb0
 .debug_frame   0x00000000       0xac build/main.o
 .debug_frame   0x000000ac       0x38 build/gpio.o
 .debug_frame   0x000000e4       0xf0 build/freertos.o
 .debug_frame   0x000001d4       0x2c build/dma.o
 .debug_frame   0x00000200      0x134 build/tim.o
 .debug_frame   0x00000334       0x94 build/usart.o
 .debug_frame   0x000003c8      0x118 build/stm32f1xx_it.o
 .debug_frame   0x000004e0       0x28 build/stm32f1xx_hal_msp.o
 .debug_frame   0x00000508       0x50 build/stm32f1xx_hal_timebase_tim.o
 .debug_frame   0x00000558      0x1cc build/stm32f1xx_hal.o
 .debug_frame   0x00000724      0x190 build/stm32f1xx_hal_rcc.o
 .debug_frame   0x000008b4       0xe4 build/stm32f1xx_hal_gpio.o
 .debug_frame   0x00000998      0x140 build/stm32f1xx_hal_dma.o
 .debug_frame   0x00000ad8      0x118 build/stm32f1xx_hal_cortex.o
 .debug_frame   0x00000bf0      0xb04 build/stm32f1xx_hal_tim.o
 .debug_frame   0x000016f4      0x40c build/stm32f1xx_hal_tim_ex.o
 .debug_frame   0x00001b00      0x5c4 build/stm32f1xx_hal_uart.o
 .debug_frame   0x000020c4       0x30 build/system_stm32f1xx.o
 .debug_frame   0x000020f4      0x128 build/event_groups.o
 .debug_frame   0x0000221c       0x70 build/list.o
 .debug_frame   0x0000228c      0x330 build/queue.o
 .debug_frame   0x000025bc      0x580 build/tasks.o
 .debug_frame   0x00002b3c      0x278 build/timers.o
 .debug_frame   0x00002db4      0x5c8 build/cmsis_os.o
 .debug_frame   0x0000337c       0xb0 build/heap_4.o
 .debug_frame   0x0000342c       0xf0 build/port.o
 .debug_frame   0x0000351c       0x2c e:/armchain/10 2021.07/bin/../lib/gcc/arm-none-eabi/10.3.1/../../../../arm-none-eabi/lib/thumb/v7-m/nofp\libc_nano.a(lib_a-init.o)
 .debug_frame   0x00003548       0x28 e:/armchain/10 2021.07/bin/../lib/gcc/arm-none-eabi/10.3.1/../../../../arm-none-eabi/lib/thumb/v7-m/nofp\libc_nano.a(lib_a-memcpy-stub.o)
 .debug_frame   0x00003570       0x20 e:/armchain/10 2021.07/bin/../lib/gcc/arm-none-eabi/10.3.1/../../../../arm-none-eabi/lib/thumb/v7-m/nofp\libc_nano.a(lib_a-memset.o)
 .debug_frame   0x00003590       0x74 e:/armchain/10 2021.07/bin/../lib/gcc/arm-none-eabi/10.3.1/../../../../arm-none-eabi/lib/thumb/v7-m/nofp\libc_nano.a(lib_a-printf.o)
 .debug_frame   0x00003604      0x14c e:/armchain/10 2021.07/bin/../lib/gcc/arm-none-eabi/10.3.1/../../../../arm-none-eabi/lib/thumb/v7-m/nofp\libc_nano.a(lib_a-findfp.o)
 .debug_frame   0x00003750       0x54 e:/armchain/10 2021.07/bin/../lib/gcc/arm-none-eabi/10.3.1/../../../../arm-none-eabi/lib/thumb/v7-m/nofp\libc_nano.a(lib_a-fwalk.o)
 .debug_frame   0x000037a4       0xb0 e:/armchain/10 2021.07/bin/../lib/gcc/arm-none-eabi/10.3.1/../../../../arm-none-eabi/lib/thumb/v7-m/nofp\libc_nano.a(lib_a-lock.o)
 .debug_frame   0x00003854       0x4c e:/armchain/10 2021.07/bin/../lib/gcc/arm-none-eabi/10.3.1/../../../../arm-none-eabi/lib/thumb/v7-m/nofp\libc_nano.a(lib_a-nano-mallocr.o)
 .debug_frame   0x000038a0       0xac e:/armchain/10 2021.07/bin/../lib/gcc/arm-none-eabi/10.3.1/../../../../arm-none-eabi/lib/thumb/v7-m/nofp\libc_nano.a(lib_a-nano-vfprintf.o)
 .debug_frame   0x0000394c       0x60 e:/armchain/10 2021.07/bin/../lib/gcc/arm-none-eabi/10.3.1/../../../../arm-none-eabi/lib/thumb/v7-m/nofp\libc_nano.a(lib_a-nano-vfprintf_i.o)
 .debug_frame   0x000039ac       0x2c e:/armchain/10 2021.07/bin/../lib/gcc/arm-none-eabi/10.3.1/../../../../arm-none-eabi/lib/thumb/v7-m/nofp\libc_nano.a(lib_a-sbrkr.o)
 .debug_frame   0x000039d8       0x88 e:/armchain/10 2021.07/bin/../lib/gcc/arm-none-eabi/10.3.1/../../../../arm-none-eabi/lib/thumb/v7-m/nofp\libc_nano.a(lib_a-stdio.o)
 .debug_frame   0x00003a60       0x40 e:/armchain/10 2021.07/bin/../lib/gcc/arm-none-eabi/10.3.1/../../../../arm-none-eabi/lib/thumb/v7-m/nofp\libc_nano.a(lib_a-wbuf.o)
 .debug_frame   0x00003aa0       0x2c e:/armchain/10 2021.07/bin/../lib/gcc/arm-none-eabi/10.3.1/../../../../arm-none-eabi/lib/thumb/v7-m/nofp\libc_nano.a(lib_a-writer.o)
 .debug_frame   0x00003acc       0x2c e:/armchain/10 2021.07/bin/../lib/gcc/arm-none-eabi/10.3.1/../../../../arm-none-eabi/lib/thumb/v7-m/nofp\libc_nano.a(lib_a-wsetup.o)
 .debug_frame   0x00003af8       0x2c e:/armchain/10 2021.07/bin/../lib/gcc/arm-none-eabi/10.3.1/../../../../arm-none-eabi/lib/thumb/v7-m/nofp\libc_nano.a(lib_a-closer.o)
 .debug_frame   0x00003b24       0x5c e:/armchain/10 2021.07/bin/../lib/gcc/arm-none-eabi/10.3.1/../../../../arm-none-eabi/lib/thumb/v7-m/nofp\libc_nano.a(lib_a-fflush.o)
 .debug_frame   0x00003b80       0x2c e:/armchain/10 2021.07/bin/../lib/gcc/arm-none-eabi/10.3.1/../../../../arm-none-eabi/lib/thumb/v7-m/nofp\libc_nano.a(lib_a-lseekr.o)
 .debug_frame   0x00003bac       0x58 e:/armchain/10 2021.07/bin/../lib/gcc/arm-none-eabi/10.3.1/../../../../arm-none-eabi/lib/thumb/v7-m/nofp\libc_nano.a(lib_a-makebuf.o)
 .debug_frame   0x00003c04       0x28 e:/armchain/10 2021.07/bin/../lib/gcc/arm-none-eabi/10.3.1/../../../../arm-none-eabi/lib/thumb/v7-m/nofp\libc_nano.a(lib_a-memchr-stub.o)
 .debug_frame   0x00003c2c       0x30 e:/armchain/10 2021.07/bin/../lib/gcc/arm-none-eabi/10.3.1/../../../../arm-none-eabi/lib/thumb/v7-m/nofp\libc_nano.a(lib_a-mlock.o)
 .debug_frame   0x00003c5c       0x38 e:/armchain/10 2021.07/bin/../lib/gcc/arm-none-eabi/10.3.1/../../../../arm-none-eabi/lib/thumb/v7-m/nofp\libc_nano.a(lib_a-nano-freer.o)
 .debug_frame   0x00003c94       0x2c e:/armchain/10 2021.07/bin/../lib/gcc/arm-none-eabi/10.3.1/../../../../arm-none-eabi/lib/thumb/v7-m/nofp\libc_nano.a(lib_a-readr.o)
 .debug_frame   0x00003cc0       0x5c e:/armchain/10 2021.07/bin/../lib/gcc/arm-none-eabi/10.3.1/../../../../arm-none-eabi/lib/thumb/v7-m/nofp\libc_nano.a(lib_a-reent.o)
 .debug_frame   0x00003d1c       0x2c e:/armchain/10 2021.07/bin/../lib/gcc/arm-none-eabi/10.3.1/../../../../arm-none-eabi/lib/thumb/v7-m/nofp\libc_nano.a(lib_a-fstatr.o)
 .debug_frame   0x00003d48       0x2c e:/armchain/10 2021.07/bin/../lib/gcc/arm-none-eabi/10.3.1/../../../../arm-none-eabi/lib/thumb/v7-m/nofp\libc_nano.a(lib_a-isattyr.o)
 .debug_frame   0x00003d74       0x20 e:/armchain/10 2021.07/bin/../lib/gcc/arm-none-eabi/10.3.1/../../../../arm-none-eabi/lib/thumb/v7-m/nofp\libnosys.a(close.o)
 .debug_frame   0x00003d94       0x20 e:/armchain/10 2021.07/bin/../lib/gcc/arm-none-eabi/10.3.1/../../../../arm-none-eabi/lib/thumb/v7-m/nofp\libnosys.a(fstat.o)
 .debug_frame   0x00003db4       0x20 e:/armchain/10 2021.07/bin/../lib/gcc/arm-none-eabi/10.3.1/../../../../arm-none-eabi/lib/thumb/v7-m/nofp\libnosys.a(isatty.o)